mqtt.c:205:1:mqtt_output_send	24	static
mqtt.c:506:1:mqtt_close	16	static
mqtt.c:545:1:mqtt_cyclic_timer	16	static
mqtt.c:904:1:mqtt_tcp_sent_cb	16	static
mqtt.c:937:1:mqtt_tcp_err_cb	16	static
mqtt.c:641:3:mqtt_message_received	48	static
mqtt.c:860:1:mqtt_tcp_recv_cb	56	static
mqtt.c:972:1:mqtt_tcp_connect_cb	40	static
mqtt.c:955:1:mqtt_tcp_poll_cb	24	static
mqtt.c:1025:1:mqtt_publish	48	static
mqtt.c:1100:1:mqtt_sub_unsub	48	static
mqtt.c:1164:1:mqtt_set_inpub_callback	0	static
mqtt.c:1179:1:mqtt_client_new	8	static
mqtt.c:1201:1:mqtt_client_connect	56	static
mqtt.c:1318:1:mqtt_disconnect	0	static
mqtt.c:1336:1:mqtt_client_is_connected	0	static
