LCD.c:21:6:writeNibble.constprop	16	static
LCD.c:21:6:writeNibble.constprop	16	static
LCD.c:21:6:writeNibble.constprop	16	static
LCD.c:21:6:writeNibble.constprop	16	static
LCD.c:21:6:writeNibble.constprop	24	static
LCD.c:21:6:writeNibble	24	static
LCD.c:32:6:LCD_putcmd	40	static
LCD.c:43:6:LCD_Init	24	static
LCD.c:69:5:LCD_curSetHome	16	static
LCD.c:74:5:LCD_curSet	8	static
LCD.c:79:5:LCD_putch	24	static
LCD.c:85:5:LCD_print	40	static
LCD.c:95:5:LCD_putfloat	88	static
LCD.c:113:5:LCD_putint	56	static
LCD.c:127:6:LCD_curMode	24	static
LCD.c:131:6:LCD_displayON	16	static
LCD.c:135:6:LCD_displayOFF	16	static
LCD.c:139:6:LCD_curShift	24	static
LCD.c:143:6:LCD_curShiftOf	24	static
LCD.c:150:6:LCD_displayShift	24	static
LCD.c:154:6:LCD_displayShiftOf	24	static
LCD.c:162:6:LCD_displayClear	16	static
LCD.c:166:6:LCD_createChar	48	static
LCD.c:179:5:LCD_printf	96	static
