Archive member included to satisfy reference by file (symbol)

c:/users/mames/.eclipse/com.st.stm32cube.ide.mcu.rcp.product_1.5.1_931663386_win32_win32_x86_64/plugins/com.st.stm32cube.ide.mcu.externaltools.gnu-tools-for-stm32.9-2020-q2-update.win32_1.5.0.202011040924/tools/bin/../lib/gcc/arm-none-eabi/9.3.1/../../../../arm-none-eabi/lib/thumb/v7e-m+fp/hard\libc_nano.a(lib_a-exit.o)
                              c:/users/mames/.eclipse/com.st.stm32cube.ide.mcu.rcp.product_1.5.1_931663386_win32_win32_x86_64/plugins/com.st.stm32cube.ide.mcu.externaltools.gnu-tools-for-stm32.9-2020-q2-update.win32_1.5.0.202011040924/tools/bin/../lib/gcc/arm-none-eabi/9.3.1/../../../../arm-none-eabi/lib/thumb/v7e-m+fp/hard/crt0.o (exit)
c:/users/mames/.eclipse/com.st.stm32cube.ide.mcu.rcp.product_1.5.1_931663386_win32_win32_x86_64/plugins/com.st.stm32cube.ide.mcu.externaltools.gnu-tools-for-stm32.9-2020-q2-update.win32_1.5.0.202011040924/tools/bin/../lib/gcc/arm-none-eabi/9.3.1/../../../../arm-none-eabi/lib/thumb/v7e-m+fp/hard\libc_nano.a(lib_a-impure.o)
                              c:/users/mames/.eclipse/com.st.stm32cube.ide.mcu.rcp.product_1.5.1_931663386_win32_win32_x86_64/plugins/com.st.stm32cube.ide.mcu.externaltools.gnu-tools-for-stm32.9-2020-q2-update.win32_1.5.0.202011040924/tools/bin/../lib/gcc/arm-none-eabi/9.3.1/../../../../arm-none-eabi/lib/thumb/v7e-m+fp/hard\libc_nano.a(lib_a-exit.o) (_global_impure_ptr)
c:/users/mames/.eclipse/com.st.stm32cube.ide.mcu.rcp.product_1.5.1_931663386_win32_win32_x86_64/plugins/com.st.stm32cube.ide.mcu.externaltools.gnu-tools-for-stm32.9-2020-q2-update.win32_1.5.0.202011040924/tools/bin/../lib/gcc/arm-none-eabi/9.3.1/../../../../arm-none-eabi/lib/thumb/v7e-m+fp/hard\libc_nano.a(lib_a-init.o)
                              c:/users/mames/.eclipse/com.st.stm32cube.ide.mcu.rcp.product_1.5.1_931663386_win32_win32_x86_64/plugins/com.st.stm32cube.ide.mcu.externaltools.gnu-tools-for-stm32.9-2020-q2-update.win32_1.5.0.202011040924/tools/bin/../lib/gcc/arm-none-eabi/9.3.1/../../../../arm-none-eabi/lib/thumb/v7e-m+fp/hard/crt0.o (__libc_init_array)
c:/users/mames/.eclipse/com.st.stm32cube.ide.mcu.rcp.product_1.5.1_931663386_win32_win32_x86_64/plugins/com.st.stm32cube.ide.mcu.externaltools.gnu-tools-for-stm32.9-2020-q2-update.win32_1.5.0.202011040924/tools/bin/../lib/gcc/arm-none-eabi/9.3.1/../../../../arm-none-eabi/lib/thumb/v7e-m+fp/hard\libc_nano.a(lib_a-memcmp.o)
                              Middlewares/Third_Party/LwIP/src/netif/ethernet.o (memcmp)
c:/users/mames/.eclipse/com.st.stm32cube.ide.mcu.rcp.product_1.5.1_931663386_win32_win32_x86_64/plugins/com.st.stm32cube.ide.mcu.externaltools.gnu-tools-for-stm32.9-2020-q2-update.win32_1.5.0.202011040924/tools/bin/../lib/gcc/arm-none-eabi/9.3.1/../../../../arm-none-eabi/lib/thumb/v7e-m+fp/hard\libc_nano.a(lib_a-memcpy-stub.o)
                              Middlewares/Third_Party/LwIP/src/apps/httpd/httpd.o (memcpy)
c:/users/mames/.eclipse/com.st.stm32cube.ide.mcu.rcp.product_1.5.1_931663386_win32_win32_x86_64/plugins/com.st.stm32cube.ide.mcu.externaltools.gnu-tools-for-stm32.9-2020-q2-update.win32_1.5.0.202011040924/tools/bin/../lib/gcc/arm-none-eabi/9.3.1/../../../../arm-none-eabi/lib/thumb/v7e-m+fp/hard\libc_nano.a(lib_a-memset.o)
                              c:/users/mames/.eclipse/com.st.stm32cube.ide.mcu.rcp.product_1.5.1_931663386_win32_win32_x86_64/plugins/com.st.stm32cube.ide.mcu.externaltools.gnu-tools-for-stm32.9-2020-q2-update.win32_1.5.0.202011040924/tools/bin/../lib/gcc/arm-none-eabi/9.3.1/../../../../arm-none-eabi/lib/thumb/v7e-m+fp/hard/crt0.o (memset)
c:/users/mames/.eclipse/com.st.stm32cube.ide.mcu.rcp.product_1.5.1_931663386_win32_win32_x86_64/plugins/com.st.stm32cube.ide.mcu.externaltools.gnu-tools-for-stm32.9-2020-q2-update.win32_1.5.0.202011040924/tools/bin/../lib/gcc/arm-none-eabi/9.3.1/../../../../arm-none-eabi/lib/thumb/v7e-m+fp/hard\libc_nano.a(lib_a-nano-vfprintf_float.o)
                              (_printf_float)
c:/users/mames/.eclipse/com.st.stm32cube.ide.mcu.rcp.product_1.5.1_931663386_win32_win32_x86_64/plugins/com.st.stm32cube.ide.mcu.externaltools.gnu-tools-for-stm32.9-2020-q2-update.win32_1.5.0.202011040924/tools/bin/../lib/gcc/arm-none-eabi/9.3.1/../../../../arm-none-eabi/lib/thumb/v7e-m+fp/hard\libc_nano.a(lib_a-nano-vfprintf_i.o)
                              c:/users/mames/.eclipse/com.st.stm32cube.ide.mcu.rcp.product_1.5.1_931663386_win32_win32_x86_64/plugins/com.st.stm32cube.ide.mcu.externaltools.gnu-tools-for-stm32.9-2020-q2-update.win32_1.5.0.202011040924/tools/bin/../lib/gcc/arm-none-eabi/9.3.1/../../../../arm-none-eabi/lib/thumb/v7e-m+fp/hard\libc_nano.a(lib_a-nano-vfprintf_float.o) (_printf_common)
[...]
Memory Configuration

Name             Origin             Length             Attributes
CCMRAM           0x0000000010000000 0x0000000000010000 xrw
RAM              0x0000000020000000 0x0000000000020000 xrw
FLASH            0x0000000008000000 0x0000000000100000 xr
*default*        0x0000000000000000 0xffffffffffffffff

Linker script and memory map

LOAD c:/users/mames/.eclipse/com.st.stm32cube.ide.mcu.rcp.product_1.5.1_931663386_win32_win32_x86_64/plugins/com.st.stm32cube.ide.mcu.externaltools.gnu-tools-for-stm32.9-2020-q2-update.win32_1.5.0.202011040924/tools/bin/../lib/gcc/arm-none-eabi/9.3.1/thumb/v7e-m+fp/hard/crti.o
LOAD c:/users/mames/.eclipse/com.st.stm32cube.ide.mcu.rcp.product_1.5.1_931663386_win32_win32_x86_64/plugins/com.st.stm32cube.ide.mcu.externaltools.gnu-tools-for-stm32.9-2020-q2-update.win32_1.5.0.202011040924/tools/bin/../lib/gcc/arm-none-eabi/9.3.1/thumb/v7e-m+fp/hard/crtbegin.o
LOAD c:/users/mames/.eclipse/com.st.stm32cube.ide.mcu.rcp.product_1.5.1_931663386_win32_win32_x86_64/plugins/com.st.stm32cube.ide.mcu.externaltools.gnu-tools-for-stm32.9-2020-q2-update.win32_1.5.0.202011040924/tools/bin/../lib/gcc/arm-none-eabi/9.3.1/../../../../arm-none-eabi/lib/thumb/v7e-m+fp/hard/crt0.o
LOAD Drivers/STM32F4xx_HAL_Driver/Src/stm32f4xx_hal.o
LOAD Drivers/STM32F4xx_HAL_Driver/Src/stm32f4xx_hal_adc.o
LOAD Drivers/STM32F4xx_HAL_Driver/Src/stm32f4xx_hal_adc_ex.o
LOAD Drivers/STM32F4xx_HAL_Driver/Src/stm32f4xx_hal_cortex.o
LOAD Drivers/STM32F4xx_HAL_Driver/Src/stm32f4xx_hal_dma.o
LOAD Drivers/STM32F4xx_HAL_Driver/Src/stm32f4xx_hal_dma_ex.o
LOAD Drivers/STM32F4xx_HAL_Driver/Src/stm32f4xx_hal_eth.o
LOAD Drivers/STM32F4xx_HAL_Driver/Src/stm32f4xx_hal_exti.o
LOAD Drivers/STM32F4xx_HAL_Driver/Src/stm32f4xx_hal_flash.o
LOAD Drivers/STM32F4xx_HAL_Driver/Src/stm32f4xx_hal_flash_ex.o
LOAD Drivers/STM32F4xx_HAL_Driver/Src/stm32f4xx_hal_flash_ramfunc.o
LOAD Drivers/STM32F4xx_HAL_Driver/Src/stm32f4xx_hal_gpio.o
LOAD Drivers/STM32F4xx_HAL_Driver/Src/stm32f4xx_hal_pwr.o
LOAD Drivers/STM32F4xx_HAL_Driver/Src/stm32f4xx_hal_pwr_ex.o
LOAD Drivers/STM32F4xx_HAL_Driver/Src/stm32f4xx_hal_rcc.o
LOAD Drivers/STM32F4xx_HAL_Driver/Src/stm32f4xx_hal_rcc_ex.o
LOAD Drivers/STM32F4xx_HAL_Driver/Src/stm32f4xx_hal_tim.o
LOAD Drivers/STM32F4xx_HAL_Driver/Src/stm32f4xx_hal_tim_ex.o
LOAD Drivers/STM32F4xx_HAL_Driver/Src/stm32f4xx_hal_uart.o
LOAD Middlewares/Third_Party/LwIP/src/api/api_lib.o
LOAD Middlewares/Third_Party/LwIP/src/api/api_msg.o
LOAD Middlewares/Third_Party/LwIP/src/api/err.o
LOAD Middlewares/Third_Party/LwIP/src/api/netbuf.o
LOAD Middlewares/Third_Party/LwIP/src/api/netdb.o
LOAD Middlewares/Third_Party/LwIP/src/api/netifapi.o
LOAD Middlewares/Third_Party/LwIP/src/api/sockets.o
LOAD Middlewares/Third_Party/LwIP/src/api/tcpip.o
LOAD Middlewares/Third_Party/LwIP/src/apps/httpd/fs.o
LOAD Middlewares/Third_Party/LwIP/src/apps/httpd/httpd.o
LOAD Middlewares/Third_Party/LwIP/src/apps/mqtt/mqtt.o
LOAD Middlewares/Third_Party/LwIP/src/core/def.o
LOAD Middlewares/Third_Party/LwIP/src/core/dns.o
LOAD Middlewares/Third_Party/LwIP/src/core/inet_chksum.o
LOAD Middlewares/Third_Party/LwIP/src/core/init.o
LOAD Middlewares/Third_Party/LwIP/src/core/ip.o
LOAD Middlewares/Third_Party/LwIP/src/core/mem.o
LOAD Middlewares/Third_Party/LwIP/src/core/memp.o
LOAD Middlewares/Third_Party/LwIP/src/core/netif.o
LOAD Middlewares/Third_Party/LwIP/src/core/pbuf.o
LOAD Middlewares/Third_Party/LwIP/src/core/raw.o
LOAD Middlewares/Third_Party/LwIP/src/core/stats.o
LOAD Middlewares/Third_Party/LwIP/src/core/sys.o
LOAD Middlewares/Third_Party/LwIP/src/core/tcp.o
LOAD Middlewares/Third_Party/LwIP/src/core/tcp_in.o
LOAD Middlewares/Third_Party/LwIP/src/core/tcp_out.o
LOAD Middlewares/Third_Party/LwIP/src/core/timeouts.o
LOAD Middlewares/Third_Party/LwIP/src/core/udp.o
LOAD Middlewares/Third_Party/LwIP/src/core/ipv4/autoip.o
LOAD Middlewares/Third_Party/LwIP/src/core/ipv4/dhcp.o
LOAD Middlewares/Third_Party/LwIP/src/core/ipv4/etharp.o
LOAD Middlewares/Third_Party/LwIP/src/core/ipv4/icmp.o
LOAD Middlewares/Third_Party/LwIP/src/core/ipv4/igmp.o
LOAD Middlewares/Third_Party/LwIP/src/core/ipv4/ip4.o
LOAD Middlewares/Third_Party/LwIP/src/core/ipv4/ip4_addr.o
LOAD Middlewares/Third_Party/LwIP/src/core/ipv4/ip4_frag.o
LOAD Middlewares/Third_Party/LwIP/src/core/ipv6/dhcp6.o
LOAD Middlewares/Third_Party/LwIP/src/core/ipv6/ethip6.o
LOAD Middlewares/Third_Party/LwIP/src/core/ipv6/icmp6.o
LOAD Middlewares/Third_Party/LwIP/src/core/ipv6/inet6.o
LOAD Middlewares/Third_Party/LwIP/src/core/ipv6/ip6.o
LOAD Middlewares/Third_Party/LwIP/src/core/ipv6/ip6_addr.o
LOAD Middlewares/Third_Party/LwIP/src/core/ipv6/ip6_frag.o
LOAD Middlewares/Third_Party/LwIP/src/core/ipv6/mld6.o
LOAD Middlewares/Third_Party/LwIP/src/core/ipv6/nd6.o
LOAD Middlewares/Third_Party/LwIP/src/netif/ethernet.o
LOAD Middlewares/Third_Party/LwIP/src/netif/lowpan6.o
LOAD Middlewares/Third_Party/LwIP/src/netif/slipif.o
LOAD Middlewares/Third_Party/LwIP/src/netif/ppp/auth.o
LOAD Middlewares/Third_Party/LwIP/src/netif/ppp/ccp.o
LOAD Middlewares/Third_Party/LwIP/src/netif/ppp/chap-md5.o
LOAD Middlewares/Third_Party/LwIP/src/netif/ppp/chap-new.o
LOAD Middlewares/Third_Party/LwIP/src/netif/ppp/chap_ms.o
LOAD Middlewares/Third_Party/LwIP/src/netif/ppp/demand.o
LOAD Middlewares/Third_Party/LwIP/src/netif/ppp/eap.o
LOAD Middlewares/Third_Party/LwIP/src/netif/ppp/ecp.o
LOAD Middlewares/Third_Party/LwIP/src/netif/ppp/eui64.o
LOAD Middlewares/Third_Party/LwIP/src/netif/ppp/fsm.o
LOAD Middlewares/Third_Party/LwIP/src/netif/ppp/ipcp.o
LOAD Middlewares/Third_Party/LwIP/src/netif/ppp/ipv6cp.o
LOAD Middlewares/Third_Party/LwIP/src/netif/ppp/lcp.o
LOAD Middlewares/Third_Party/LwIP/src/netif/ppp/magic.o
LOAD Middlewares/Third_Party/LwIP/src/netif/ppp/mppe.o
LOAD Middlewares/Third_Party/LwIP/src/netif/ppp/multilink.o
LOAD Middlewares/Third_Party/LwIP/src/netif/ppp/ppp.o
LOAD Middlewares/Third_Party/LwIP/src/netif/ppp/pppapi.o
LOAD Middlewares/Third_Party/LwIP/src/netif/ppp/pppcrypt.o
LOAD Middlewares/Third_Party/LwIP/src/netif/ppp/pppoe.o
LOAD Middlewares/Third_Party/LwIP/src/netif/ppp/pppol2tp.o
LOAD Middlewares/Third_Party/LwIP/src/netif/ppp/pppos.o
LOAD Middlewares/Third_Party/LwIP/src/netif/ppp/upap.o
LOAD Middlewares/Third_Party/LwIP/src/netif/ppp/utils.o
LOAD Middlewares/Third_Party/LwIP/src/netif/ppp/vj.o
LOAD Src/LCD.o
LOAD Src/ethernetif.o
LOAD Src/lwip.o
LOAD Src/main.o
LOAD Src/stm32f4xx_hal_msp.o
LOAD Src/stm32f4xx_it.o
LOAD Src/syscalls.o
LOAD Src/sysmem.o
LOAD Src/system_stm32f4xx.o
LOAD Startup/startup_stm32f407vgtx.o
START GROUP
LOAD c:/users/mames/.eclipse/com.st.stm32cube.ide.mcu.rcp.product_1.5.1_931663386_win32_win32_x86_64/plugins/com.st.stm32cube.ide.mcu.externaltools.gnu-tools-for-stm32.9-2020-q2-update.win32_1.5.0.202011040924/tools/bin/../lib/gcc/arm-none-eabi/9.3.1/../../../../arm-none-eabi/lib/thumb/v7e-m+fp/hard\libc_nano.a
LOAD c:/users/mames/.eclipse/com.st.stm32cube.ide.mcu.rcp.product_1.5.1_931663386_win32_win32_x86_64/plugins/com.st.stm32cube.ide.mcu.externaltools.gnu-tools-for-stm32.9-2020-q2-update.win32_1.5.0.202011040924/tools/bin/../lib/gcc/arm-none-eabi/9.3.1/../../../../arm-none-eabi/lib/thumb/v7e-m+fp/hard\libm.a
END GROUP
START GROUP
LOAD c:/users/mames/.eclipse/com.st.stm32cube.ide.mcu.rcp.product_1.5.1_931663386_win32_win32_x86_64/plugins/com.st.stm32cube.ide.mcu.externaltools.gnu-tools-for-stm32.9-2020-q2-update.win32_1.5.0.202011040924/tools/bin/../lib/gcc/arm-none-eabi/9.3.1/thumb/v7e-m+fp/hard\libgcc.a
LOAD c:/users/mames/.eclipse/com.st.stm32cube.ide.mcu.rcp.product_1.5.1_931663386_win32_win32_x86_64/plugins/com.st.stm32cube.ide.mcu.externaltools.gnu-tools-for-stm32.9-2020-q2-update.win32_1.5.0.202011040924/tools/bin/../lib/gcc/arm-none-eabi/9.3.1/../../../../arm-none-eabi/lib/thumb/v7e-m+fp/hard\libc_nano.a
END GROUP
START GROUP
LOAD c:/users/mames/.eclipse/com.st.stm32cube.ide.mcu.rcp.product_1.5.1_931663386_win32_win32_x86_64/plugins/com.st.stm32cube.ide.mcu.externaltools.gnu-tools-for-stm32.9-2020-q2-update.win32_1.5.0.202011040924/tools/bin/../lib/gcc/arm-none-eabi/9.3.1/thumb/v7e-m+fp/hard\libgcc.a
LOAD c:/users/mames/.eclipse/com.st.stm32cube.ide.mcu.rcp.product_1.5.1_931663386_win32_win32_x86_64/plugins/com.st.stm32cube.ide.mcu.externaltools.gnu-tools-for-stm32.9-2020-q2-update.win32_1.5.0.202011040924/tools/bin/../lib/gcc/arm-none-eabi/9.3.1/../../../../arm-none-eabi/lib/thumb/v7e-m+fp/hard\libc_nano.a
LOAD c:/users/mames/.eclipse/com.st.stm32cube.ide.mcu.rcp.product_1.5.1_931663386_win32_win32_x86_64/plugins/com.st.stm32cube.ide.mcu.externaltools.gnu-tools-for-stm32.9-2020-q2-update.win32_1.5.0.202011040924/tools/bin/../lib/gcc/arm-none-eabi/9.3.1/../../../../arm-none-eabi/lib/thumb/v7e-m+fp/hard\libnosys.a
END GROUP
START GROUP
LOAD c:/users/mames/.eclipse/com.st.stm32cube.ide.mcu.rcp.product_1.5.1_931663386_win32_win32_x86_64/plugins/com.st.stm32cube.ide.mcu.externaltools.gnu-tools-for-stm32.9-2020-q2-update.win32_1.5.0.202011040924/tools/bin/../lib/gcc/arm-none-eabi/9.3.1/thumb/v7e-m+fp/hard\libgcc.a
LOAD c:/users/mames/.eclipse/com.st.stm32cube.ide.mcu.rcp.product_1.5.1_931663386_win32_win32_x86_64/plugins/com.st.stm32cube.ide.mcu.externaltools.gnu-tools-for-stm32.9-2020-q2-update.win32_1.5.0.202011040924/tools/bin/../lib/gcc/arm-none-eabi/9.3.1/../../../../arm-none-eabi/lib/thumb/v7e-m+fp/hard\libc_nano.a
LOAD c:/users/mames/.eclipse/com.st.stm32cube.ide.mcu.rcp.product_1.5.1_931663386_win32_win32_x86_64/plugins/com.st.stm32cube.ide.mcu.externaltools.gnu-tools-for-stm32.9-2020-q2-update.win32_1.5.0.202011040924/tools/bin/../lib/gcc/arm-none-eabi/9.3.1/../../../../arm-none-eabi/lib/thumb/v7e-m+fp/hard\libnosys.a
END GROUP
LOAD c:/users/mames/.eclipse/com.st.stm32cube.ide.mcu.rcp.product_1.5.1_931663386_win32_win32_x86_64/plugins/com.st.stm32cube.ide.mcu.externaltools.gnu-tools-for-stm32.9-2020-q2-update.win32_1.5.0.202011040924/tools/bin/../lib/gcc/arm-none-eabi/9.3.1/thumb/v7e-m+fp/hard/crtend.o
LOAD c:/users/mames/.eclipse/com.st.stm32cube.ide.mcu.rcp.product_1.5.1_931663386_win32_win32_x86_64/plugins/com.st.stm32cube.ide.mcu.externaltools.gnu-tools-for-stm32.9-2020-q2-update.win32_1.5.0.202011040924/tools/bin/../lib/gcc/arm-none-eabi/9.3.1/thumb/v7e-m+fp/hard/crtn.o
                0x0000000020020000                _estack = 0x20020000
                0x0000000000000200                _Min_Heap_Size = 0x200
                0x0000000000000400                _Min_Stack_Size = 0x400

.isr_vector     0x0000000008000000      0x188
                0x0000000008000000                . = ALIGN (0x4)
 *(.isr_vector)
 .isr_vector    0x0000000008000000      0x188 Startup/startup_stm32f407vgtx.o
                0x0000000008000000                g_pfnVectors
                0x0000000008000188                . = ALIGN (0x4)

.text           0x0000000008000190    0x10858
                0x0000000008000190                . = ALIGN (0x4)
 *(.text)
 .text          0x0000000008000190       0x40 c:/users/mames/.eclipse/com.st.stm32cube.ide.mcu.rcp.product_1.5.1_931663386_win32_win32_x86_64/plugins/com.st.stm32cube.ide.mcu.externaltools.gnu-tools-for-stm32.9-2020-q2-update.win32_1.5.0.202011040924/tools/bin/../lib/gcc/arm-none-eabi/9.3.1/thumb/v7e-m+fp/hard/crtbegin.o
 .text          0x00000000080001d0       0x14 c:/users/mames/.eclipse/com.st.stm32cube.ide.mcu.rcp.product_1.5.1_931663386_win32_win32_x86_64/plugins/com.st.stm32cube.ide.mcu.externaltools.gnu-tools-for-stm32.9-2020-q2-update.win32_1.5.0.202011040924/tools/bin/../lib/gcc/arm-none-eabi/9.3.1/../../../../arm-none-eabi/lib/thumb/v7e-m+fp/hard\libc_nano.a(lib_a-strcmp.o)
                0x00000000080001d0                strcmp
 .text          0x00000000080001e4       0x10 c:/users/mames/.eclipse/com.st.stm32cube.ide.mcu.rcp.product_1.5.1_931663386_win32_win32_x86_64/plugins/com.st.stm32cube.ide.mcu.externaltools.gnu-tools-for-stm32.9-2020-q2-update.win32_1.5.0.202011040924/tools/bin/../lib/gcc/arm-none-eabi/9.3.1/../../../../arm-none-eabi/lib/thumb/v7e-m+fp/hard\libc_nano.a(lib_a-strlen.o)
                0x00000000080001e4                strlen
 *fill*         0x00000000080001f4        0xc 
 .text          0x0000000008000200       0xa0 c:/users/mames/.eclipse/com.st.stm32cube.ide.mcu.rcp.product_1.5.1_931663386_win32_win32_x86_64/plugins/com.st.stm32cube.ide.mcu.externaltools.gnu-tools-for-stm32.9-2020-q2-update.win32_1.5.0.202011040924/tools/bin/../lib/gcc/arm-none-eabi/9.3.1/../../../../arm-none-eabi/lib/thumb/v7e-m+fp/hard\libc_nano.a(lib_a-memchr.o)
                0x0000000008000200                memchr
 .text          0x00000000080002a0      0x378 c:/users/mames/.eclipse/com.st.stm32cube.ide.mcu.rcp.product_1.5.1_931663386_win32_win32_x86_64/plugins/com.st.stm32cube.ide.mcu.externaltools.gnu-tools-for-stm32.9-2020-q2-update.win32_1.5.0.202011040924/tools/bin/../lib/gcc/arm-none-eabi/9.3.1/thumb/v7e-m+fp/hard\libgcc.a(_arm_addsubdf3.o)
                0x00000000080002a0                __aeabi_drsub
                0x00000000080002a8                __aeabi_dsub
                0x00000000080002a8                __subdf3
                0x00000000080002ac                __aeabi_dadd
                0x00000000080002ac                __adddf3
                0x0000000008000524                __floatunsidf
                0x0000000008000524                __aeabi_ui2d
                0x0000000008000544                __floatsidf
                0x0000000008000544                __aeabi_i2d
                0x0000000008000568                __aeabi_f2d
                0x0000000008000568                __extendsfdf2
                0x00000000080005ac                __floatundidf
                0x00000000080005ac                __aeabi_ul2d
                0x00000000080005bc                __floatdidf
                0x00000000080005bc                __aeabi_l2d
 .text          0x0000000008000618      0x424 c:/users/mames/.eclipse/com.st.stm32cube.ide.mcu.rcp.product_1.5.1_931663386_win32_win32_x86_64/plugins/com.st.stm32cube.ide.mcu.externaltools.gnu-tools-for-stm32.9-2020-q2-update.win32_1.5.0.202011040924/tools/bin/../lib/gcc/arm-none-eabi/9.3.1/thumb/v7e-m+fp/hard\libgcc.a(_arm_muldivdf3.o)
                0x0000000008000618                __aeabi_dmul
                0x0000000008000618                __muldf3
                0x000000000800086c                __divdf3
                0x000000000800086c                __aeabi_ddiv
 .text          0x0000000008000a3c      0x110 c:/users/mames/.eclipse/com.st.stm32cube.ide.mcu.rcp.product_1.5.1_931663386_win32_win32_x86_64/plugins/com.st.stm32cube.ide.mcu.externaltools.gnu-tools-for-stm32.9-2020-q2-update.win32_1.5.0.202011040924/tools/bin/../lib/gcc/arm-none-eabi/9.3.1/thumb/v7e-m+fp/hard\libgcc.a(_arm_cmpdf2.o)
                0x0000000008000a3c                __gtdf2
                0x0000000008000a3c                __gedf2
                0x0000000008000a44                __ltdf2
                0x0000000008000a44                __ledf2
                0x0000000008000a4c                __nedf2
                0x0000000008000a4c                __eqdf2
                0x0000000008000a4c                __cmpdf2
                0x0000000008000ac8                __aeabi_cdrcmple
                0x0000000008000ad8                __aeabi_cdcmpeq
                0x0000000008000ad8                __aeabi_cdcmple
                0x0000000008000ae8                __aeabi_dcmpeq
                0x0000000008000afc                __aeabi_dcmplt
                0x0000000008000b10                __aeabi_dcmple
                0x0000000008000b24                __aeabi_dcmpge
                0x0000000008000b38                __aeabi_dcmpgt
 .text          0x0000000008000b4c       0x2c c:/users/mames/.eclipse/com.st.stm32cube.ide.mcu.rcp.product_1.5.1_931663386_win32_win32_x86_64/plugins/com.st.stm32cube.ide.mcu.externaltools.gnu-tools-for-stm32.9-2020-q2-update.win32_1.5.0.202011040924/tools/bin/../lib/gcc/arm-none-eabi/9.3.1/thumb/v7e-m+fp/hard\libgcc.a(_arm_unorddf2.o)
                0x0000000008000b4c                __unorddf2
                0x0000000008000b4c                __aeabi_dcmpun
 .text          0x0000000008000b78       0x50 c:/users/mames/.eclipse/com.st.stm32cube.ide.mcu.rcp.product_1.5.1_931663386_win32_win32_x86_64/plugins/com.st.stm32cube.ide.mcu.externaltools.gnu-tools-for-stm32.9-2020-q2-update.win32_1.5.0.202011040924/tools/bin/../lib/gcc/arm-none-eabi/9.3.1/thumb/v7e-m+fp/hard\libgcc.a(_arm_fixdfsi.o)
                0x0000000008000b78                __aeabi_d2iz
                0x0000000008000b78                __fixdfsi
 .text          0x0000000008000bc8       0xa0 c:/users/mames/.eclipse/com.st.stm32cube.ide.mcu.rcp.product_1.5.1_931663386_win32_win32_x86_64/plugins/com.st.stm32cube.ide.mcu.externaltools.gnu-tools-for-stm32.9-2020-q2-update.win32_1.5.0.202011040924/tools/bin/../lib/gcc/arm-none-eabi/9.3.1/thumb/v7e-m+fp/hard\libgcc.a(_arm_truncdfsf2.o)
                0x0000000008000bc8                __truncdfsf2
                0x0000000008000bc8                __aeabi_d2f
 .text          0x0000000008000c68       0x30 c:/users/mames/.eclipse/com.st.stm32cube.ide.mcu.rcp.product_1.5.1_931663386_win32_win32_x86_64/plugins/com.st.stm32cube.ide.mcu.externaltools.gnu-tools-for-stm32.9-2020-q2-update.win32_1.5.0.202011040924/tools/bin/../lib/gcc/arm-none-eabi/9.3.1/thumb/v7e-m+fp/hard\libgcc.a(_aeabi_uldivmod.o)
                0x0000000008000c68                __aeabi_uldivmod
 .text          0x0000000008000c98      0x2c4 c:/users/mames/.eclipse/com.st.stm32cube.ide.mcu.rcp.product_1.5.1_931663386_win32_win32_x86_64/plugins/com.st.stm32cube.ide.mcu.externaltools.gnu-tools-for-stm32.9-2020-q2-update.win32_1.5.0.202011040924/tools/bin/../lib/gcc/arm-none-eabi/9.3.1/thumb/v7e-m+fp/hard\libgcc.a(_udivmoddi4.o)
                0x0000000008000c98                __udivmoddi4
 .text          0x0000000008000f5c        0x4 c:/users/mames/.eclipse/com.st.stm32cube.ide.mcu.rcp.product_1.5.1_931663386_win32_win32_x86_64/plugins/com.st.stm32cube.ide.mcu.externaltools.gnu-tools-for-stm32.9-2020-q2-update.win32_1.5.0.202011040924/tools/bin/../lib/gcc/arm-none-eabi/9.3.1/thumb/v7e-m+fp/hard\libgcc.a(_dvmd_tls.o)
                0x0000000008000f5c                __aeabi_idiv0
                0x0000000008000f5c                __aeabi_ldiv0
 *(.text*)
 .text.HAL_InitTick
                0x0000000008000f60       0x48 Drivers/STM32F4xx_HAL_Driver/Src/stm32f4xx_hal.o
                0x0000000008000f60                HAL_InitTick
 .text.HAL_Init
                0x0000000008000fa8       0x34 Drivers/STM32F4xx_HAL_Driver/Src/stm32f4xx_hal.o
                0x0000000008000fa8                HAL_Init
 .text.HAL_IncTick
                0x0000000008000fdc       0x18 Drivers/STM32F4xx_HAL_Driver/Src/stm32f4xx_hal.o
                0x0000000008000fdc                HAL_IncTick
 .text.HAL_GetTick
                0x0000000008000ff4        0xc Drivers/STM32F4xx_HAL_Driver/Src/stm32f4xx_hal.o
                0x0000000008000ff4                HAL_GetTick
 .text.HAL_Delay
                0x0000000008001000       0x24 Drivers/STM32F4xx_HAL_Driver/Src/stm32f4xx_hal.o
                0x0000000008001000                HAL_Delay
 .text.HAL_ADC_Init
                0x0000000008001024      0x15c Drivers/STM32F4xx_HAL_Driver/Src/stm32f4xx_hal_adc.o
                0x0000000008001024                HAL_ADC_Init
 .text.HAL_ADC_Start_DMA
                0x0000000008001180      0x13c Drivers/STM32F4xx_HAL_Driver/Src/stm32f4xx_hal_adc.o
                0x0000000008001180                HAL_ADC_Start_DMA
 .text.HAL_ADC_ConvHalfCpltCallback
                0x00000000080012bc        0x4 Drivers/STM32F4xx_HAL_Driver/Src/stm32f4xx_hal_adc.o
                0x00000000080012bc                HAL_ADC_ConvHalfCpltCallback
 .text.ADC_DMAHalfConvCplt
                0x00000000080012c0        0xc Drivers/STM32F4xx_HAL_Driver/Src/stm32f4xx_hal_adc.o
 .text.HAL_ADC_ErrorCallback
                0x00000000080012cc        0x4 Drivers/STM32F4xx_HAL_Driver/Src/stm32f4xx_hal_adc.o
                0x00000000080012cc                HAL_ADC_ErrorCallback
 .text.ADC_DMAError
                0x00000000080012d0       0x18 Drivers/STM32F4xx_HAL_Driver/Src/stm32f4xx_hal_adc.o
 .text.ADC_DMAConvCplt
                0x00000000080012e8       0x6c Drivers/STM32F4xx_HAL_Driver/Src/stm32f4xx_hal_adc.o
 .text.HAL_ADC_ConfigChannel
                0x0000000008001354      0x150 Drivers/STM32F4xx_HAL_Driver/Src/stm32f4xx_hal_adc.o
                0x0000000008001354                HAL_ADC_ConfigChannel
 .text.HAL_NVIC_SetPriorityGrouping
                0x00000000080014a4       0x28 Drivers/STM32F4xx_HAL_Driver/Src/stm32f4xx_hal_cortex.o
                0x00000000080014a4                HAL_NVIC_SetPriorityGrouping
 .text.HAL_NVIC_SetPriority
                0x00000000080014cc       0x70 Drivers/STM32F4xx_HAL_Driver/Src/stm32f4xx_hal_cortex.o
                0x00000000080014cc                HAL_NVIC_SetPriority
 .text.HAL_NVIC_EnableIRQ
                0x000000000800153c       0x1c Drivers/STM32F4xx_HAL_Driver/Src/stm32f4xx_hal_cortex.o
                0x000000000800153c                HAL_NVIC_EnableIRQ
 .text.HAL_SYSTICK_Config
                0x0000000008001558       0x34 Drivers/STM32F4xx_HAL_Driver/Src/stm32f4xx_hal_cortex.o
                0x0000000008001558                HAL_SYSTICK_Config
 .text.HAL_SYSTICK_Callback
                0x000000000800158c        0x4 Drivers/STM32F4xx_HAL_Driver/Src/stm32f4xx_hal_cortex.o
                0x000000000800158c                HAL_SYSTICK_Callback
 .text.HAL_SYSTICK_IRQHandler
                0x0000000008001590        0x8 Drivers/STM32F4xx_HAL_Driver/Src/stm32f4xx_hal_cortex.o
                0x0000000008001590                HAL_SYSTICK_IRQHandler
 .text.HAL_DMA_Init
                0x0000000008001598      0x134 Drivers/STM32F4xx_HAL_Driver/Src/stm32f4xx_hal_dma.o
                0x0000000008001598                HAL_DMA_Init
 .text.HAL_DMA_Start_IT
                0x00000000080016cc       0x84 Drivers/STM32F4xx_HAL_Driver/Src/stm32f4xx_hal_dma.o
                0x00000000080016cc                HAL_DMA_Start_IT
 .text.HAL_DMA_Abort_IT
                0x0000000008001750       0x24 Drivers/STM32F4xx_HAL_Driver/Src/stm32f4xx_hal_dma.o
                0x0000000008001750                HAL_DMA_Abort_IT
 .text.HAL_DMA_IRQHandler
                0x0000000008001774      0x1e0 Drivers/STM32F4xx_HAL_Driver/Src/stm32f4xx_hal_dma.o
                0x0000000008001774                HAL_DMA_IRQHandler
 .text.ETH_MACDMAConfig
                0x0000000008001954       0xf0 Drivers/STM32F4xx_HAL_Driver/Src/stm32f4xx_hal_eth.o
 .text.HAL_ETH_DMATxDescListInit
                0x0000000008001a44      0x100 Drivers/STM32F4xx_HAL_Driver/Src/stm32f4xx_hal_eth.o
                0x0000000008001a44                HAL_ETH_DMATxDescListInit
 .text.HAL_ETH_DMARxDescListInit
                0x0000000008001b44       0xa4 Drivers/STM32F4xx_HAL_Driver/Src/stm32f4xx_hal_eth.o
                0x0000000008001b44                HAL_ETH_DMARxDescListInit
 .text.HAL_ETH_Init
                0x0000000008001be8      0x3b0 Drivers/STM32F4xx_HAL_Driver/Src/stm32f4xx_hal_eth.o
                0x0000000008001be8                HAL_ETH_Init
 .text.HAL_ETH_TransmitFrame
                0x0000000008001f98       0xfc Drivers/STM32F4xx_HAL_Driver/Src/stm32f4xx_hal_eth.o
                0x0000000008001f98                HAL_ETH_TransmitFrame
 .text.HAL_ETH_GetReceivedFrame
                0x0000000008002094       0x90 Drivers/STM32F4xx_HAL_Driver/Src/stm32f4xx_hal_eth.o
                0x0000000008002094                HAL_ETH_GetReceivedFrame
 .text.HAL_ETH_TxCpltCallback
                0x0000000008002124        0x4 Drivers/STM32F4xx_HAL_Driver/Src/stm32f4xx_hal_eth.o
                0x0000000008002124                HAL_ETH_TxCpltCallback
 .text.HAL_ETH_RxCpltCallback
                0x0000000008002128        0x4 Drivers/STM32F4xx_HAL_Driver/Src/stm32f4xx_hal_eth.o
                0x0000000008002128                HAL_ETH_RxCpltCallback
 .text.HAL_ETH_ErrorCallback
                0x000000000800212c        0x4 Drivers/STM32F4xx_HAL_Driver/Src/stm32f4xx_hal_eth.o
                0x000000000800212c                HAL_ETH_ErrorCallback
 .text.HAL_ETH_IRQHandler
                0x0000000008002130       0x74 Drivers/STM32F4xx_HAL_Driver/Src/stm32f4xx_hal_eth.o
                0x0000000008002130                HAL_ETH_IRQHandler
 .text.HAL_ETH_ReadPHYRegister
                0x00000000080021a4       0x74 Drivers/STM32F4xx_HAL_Driver/Src/stm32f4xx_hal_eth.o
                0x00000000080021a4                HAL_ETH_ReadPHYRegister
 .text.HAL_ETH_WritePHYRegister
                0x0000000008002218       0x70 Drivers/STM32F4xx_HAL_Driver/Src/stm32f4xx_hal_eth.o
                0x0000000008002218                HAL_ETH_WritePHYRegister
 .text.HAL_ETH_Start
                0x0000000008002288       0xdc Drivers/STM32F4xx_HAL_Driver/Src/stm32f4xx_hal_eth.o
                0x0000000008002288                HAL_ETH_Start
 .text.HAL_GPIO_Init
                0x0000000008002364      0x250 Drivers/STM32F4xx_HAL_Driver/Src/stm32f4xx_hal_gpio.o
                0x0000000008002364                HAL_GPIO_Init
 .text.HAL_GPIO_ReadPin
                0x00000000080025b4        0xc Drivers/STM32F4xx_HAL_Driver/Src/stm32f4xx_hal_gpio.o
                0x00000000080025b4                HAL_GPIO_ReadPin
 .text.HAL_GPIO_WritePin
                0x00000000080025c0        0x8 Drivers/STM32F4xx_HAL_Driver/Src/stm32f4xx_hal_gpio.o
                0x00000000080025c0                HAL_GPIO_WritePin
 .text.HAL_GPIO_EXTI_IRQHandler
                0x00000000080025c8       0x18 Drivers/STM32F4xx_HAL_Driver/Src/stm32f4xx_hal_gpio.o
                0x00000000080025c8                HAL_GPIO_EXTI_IRQHandler
 .text.HAL_RCC_OscConfig
                0x00000000080025e0      0x374 Drivers/STM32F4xx_HAL_Driver/Src/stm32f4xx_hal_rcc.o
                0x00000000080025e0                HAL_RCC_OscConfig
 .text.HAL_RCC_GetSysClockFreq
                0x0000000008002954       0x6c Drivers/STM32F4xx_HAL_Driver/Src/stm32f4xx_hal_rcc.o
                0x0000000008002954                HAL_RCC_GetSysClockFreq
 .text.HAL_RCC_ClockConfig
                0x00000000080029c0      0x134 Drivers/STM32F4xx_HAL_Driver/Src/stm32f4xx_hal_rcc.o
                0x00000000080029c0                HAL_RCC_ClockConfig
 .text.HAL_RCC_GetHCLKFreq
                0x0000000008002af4        0xc Drivers/STM32F4xx_HAL_Driver/Src/stm32f4xx_hal_rcc.o
                0x0000000008002af4                HAL_RCC_GetHCLKFreq
 .text.HAL_RCC_GetPCLK1Freq
                0x0000000008002b00       0x20 Drivers/STM32F4xx_HAL_Driver/Src/stm32f4xx_hal_rcc.o
                0x0000000008002b00                HAL_RCC_GetPCLK1Freq
 .text.HAL_RCC_GetPCLK2Freq
                0x0000000008002b20       0x20 Drivers/STM32F4xx_HAL_Driver/Src/stm32f4xx_hal_rcc.o
                0x0000000008002b20                HAL_RCC_GetPCLK2Freq
 .text.HAL_TIM_Base_Init
                0x0000000008002b40       0xf8 Drivers/STM32F4xx_HAL_Driver/Src/stm32f4xx_hal_tim.o
                0x0000000008002b40                HAL_TIM_Base_Init
 .text.HAL_TIM_Base_Start_IT
                0x0000000008002c38       0x20 Drivers/STM32F4xx_HAL_Driver/Src/stm32f4xx_hal_tim.o
                0x0000000008002c38                HAL_TIM_Base_Start_IT
 .text.HAL_TIM_ConfigClockSource
                0x0000000008002c58      0x148 Drivers/STM32F4xx_HAL_Driver/Src/stm32f4xx_hal_tim.o
                0x0000000008002c58                HAL_TIM_ConfigClockSource
 .text.HAL_TIM_OC_DelayElapsedCallback
                0x0000000008002da0        0x4 Drivers/STM32F4xx_HAL_Driver/Src/stm32f4xx_hal_tim.o
                0x0000000008002da0                HAL_TIM_OC_DelayElapsedCallback
 .text.HAL_TIM_IC_CaptureCallback
                0x0000000008002da4        0x4 Drivers/STM32F4xx_HAL_Driver/Src/stm32f4xx_hal_tim.o
                0x0000000008002da4                HAL_TIM_IC_CaptureCallback
 .text.HAL_TIM_PWM_PulseFinishedCallback
                0x0000000008002da8        0x4 Drivers/STM32F4xx_HAL_Driver/Src/stm32f4xx_hal_tim.o
                0x0000000008002da8                HAL_TIM_PWM_PulseFinishedCallback
 .text.HAL_TIM_TriggerCallback
                0x0000000008002dac        0x4 Drivers/STM32F4xx_HAL_Driver/Src/stm32f4xx_hal_tim.o
                0x0000000008002dac                HAL_TIM_TriggerCallback
 .text.HAL_TIM_IRQHandler
                0x0000000008002db0      0x154 Drivers/STM32F4xx_HAL_Driver/Src/stm32f4xx_hal_tim.o
                0x0000000008002db0                HAL_TIM_IRQHandler
 .text.HAL_TIMEx_MasterConfigSynchronization
                0x0000000008002f04       0x44 Drivers/STM32F4xx_HAL_Driver/Src/stm32f4xx_hal_tim_ex.o
                0x0000000008002f04                HAL_TIMEx_MasterConfigSynchronization
 .text.HAL_TIMEx_CommutCallback
                0x0000000008002f48        0x4 Drivers/STM32F4xx_HAL_Driver/Src/stm32f4xx_hal_tim_ex.o
                0x0000000008002f48                HAL_TIMEx_CommutCallback
 .text.HAL_TIMEx_BreakCallback
                0x0000000008002f4c        0x4 Drivers/STM32F4xx_HAL_Driver/Src/stm32f4xx_hal_tim_ex.o
                0x0000000008002f4c                HAL_TIMEx_BreakCallback
 .text.UART_SetConfig
                0x0000000008002f50      0x2b8 Drivers/STM32F4xx_HAL_Driver/Src/stm32f4xx_hal_uart.o
 .text.HAL_UART_Init
                0x0000000008003208       0x60 Drivers/STM32F4xx_HAL_Driver/Src/stm32f4xx_hal_uart.o
                0x0000000008003208                HAL_UART_Init
 .text.HAL_UART_Transmit_IT
                0x0000000008003268       0x44 Drivers/STM32F4xx_HAL_Driver/Src/stm32f4xx_hal_uart.o
                0x0000000008003268                HAL_UART_Transmit_IT
 .text.HAL_UART_RxCpltCallback
                0x00000000080032ac        0x4 Drivers/STM32F4xx_HAL_Driver/Src/stm32f4xx_hal_uart.o
                0x00000000080032ac                HAL_UART_RxCpltCallback
 .text.UART_Receive_IT.part.0
                0x00000000080032b0       0x88 Drivers/STM32F4xx_HAL_Driver/Src/stm32f4xx_hal_uart.o
 .text.HAL_UART_ErrorCallback
                0x0000000008003338        0x4 Drivers/STM32F4xx_HAL_Driver/Src/stm32f4xx_hal_uart.o
                0x0000000008003338                HAL_UART_ErrorCallback
 .text.HAL_UART_IRQHandler
                0x000000000800333c      0x184 Drivers/STM32F4xx_HAL_Driver/Src/stm32f4xx_hal_uart.o
                0x000000000800333c                HAL_UART_IRQHandler
 .text.UART_DMAAbortOnError
                0x00000000080034c0       0x10 Drivers/STM32F4xx_HAL_Driver/Src/stm32f4xx_hal_uart.o
 .text.fs_open  0x00000000080034d0       0x4c Middlewares/Third_Party/LwIP/src/apps/httpd/fs.o
                0x00000000080034d0                fs_open
 .text.fs_close
                0x000000000800351c        0x4 Middlewares/Third_Party/LwIP/src/apps/httpd/fs.o
                0x000000000800351c                fs_close
 .text.fs_bytes_left
                0x0000000008003520        0x8 Middlewares/Third_Party/LwIP/src/apps/httpd/fs.o
                0x0000000008003520                fs_bytes_left
 .text.http_accept
                0x0000000008003528       0x78 Middlewares/Third_Party/LwIP/src/apps/httpd/httpd.o
 .text.http_close_or_abort_conn.constprop.0
                0x00000000080035a0       0x7c Middlewares/Third_Party/LwIP/src/apps/httpd/httpd.o
 .text.http_err
                0x000000000800361c       0x38 Middlewares/Third_Party/LwIP/src/apps/httpd/httpd.o
 .text.http_send_data_ssi
                0x0000000008003654      0x604 Middlewares/Third_Party/LwIP/src/apps/httpd/httpd.o
 .text.http_recv
                0x0000000008003c58      0x4a4 Middlewares/Third_Party/LwIP/src/apps/httpd/httpd.o
 .text.http_sent
                0x00000000080040fc       0xb4 Middlewares/Third_Party/LwIP/src/apps/httpd/httpd.o
 .text.http_poll
                0x00000000080041b0      0x12c Middlewares/Third_Party/LwIP/src/apps/httpd/httpd.o
 .text.httpd_init
                0x00000000080042dc       0x34 Middlewares/Third_Party/LwIP/src/apps/httpd/httpd.o
                0x00000000080042dc                httpd_init
 .text.http_set_ssi_handler
                0x0000000008004310       0x20 Middlewares/Third_Party/LwIP/src/apps/httpd/httpd.o
                0x0000000008004310                http_set_ssi_handler
 .text.lwip_htons
                0x0000000008004330        0x8 Middlewares/Third_Party/LwIP/src/core/def.o
                0x0000000008004330                lwip_htons
 .text.lwip_htonl
                0x0000000008004338        0x4 Middlewares/Third_Party/LwIP/src/core/def.o
                0x0000000008004338                lwip_htonl
 .text.lwip_strnstr
                0x000000000800433c       0x50 Middlewares/Third_Party/LwIP/src/core/def.o
                0x000000000800433c                lwip_strnstr
 .text.lwip_stricmp
                0x000000000800438c       0x50 Middlewares/Third_Party/LwIP/src/core/def.o
                0x000000000800438c                lwip_stricmp
 .text.lwip_init
                0x00000000080043dc       0x20 Middlewares/Third_Party/LwIP/src/core/init.o
                0x00000000080043dc                lwip_init
 .text.mem_init
                0x00000000080043fc       0x48 Middlewares/Third_Party/LwIP/src/core/mem.o
                0x00000000080043fc                mem_init
 .text.mem_free
                0x0000000008004444       0x8c Middlewares/Third_Party/LwIP/src/core/mem.o
                0x0000000008004444                mem_free
 .text.mem_trim
                0x00000000080044d0       0xcc Middlewares/Third_Party/LwIP/src/core/mem.o
                0x00000000080044d0                mem_trim
 .text.mem_malloc
                0x000000000800459c       0xd8 Middlewares/Third_Party/LwIP/src/core/mem.o
                0x000000000800459c                mem_malloc
 .text.memp_init
                0x0000000008004674       0x58 Middlewares/Third_Party/LwIP/src/core/memp.o
                0x0000000008004674                memp_init
 .text.memp_malloc
                0x00000000080046cc       0x20 Middlewares/Third_Party/LwIP/src/core/memp.o
                0x00000000080046cc                memp_malloc
 .text.memp_free
                0x00000000080046ec       0x1c Middlewares/Third_Party/LwIP/src/core/memp.o
                0x00000000080046ec                memp_free
 .text.netif_init
                0x0000000008004708        0x4 Middlewares/Third_Party/LwIP/src/core/netif.o
                0x0000000008004708                netif_init
 .text.netif_add
                0x000000000800470c       0xd4 Middlewares/Third_Party/LwIP/src/core/netif.o
                0x000000000800470c                netif_add
 .text.netif_set_addr
                0x00000000080047e0       0xc8 Middlewares/Third_Party/LwIP/src/core/netif.o
                0x00000000080047e0                netif_set_addr
 .text.netif_set_default
                0x00000000080048a8        0xc Middlewares/Third_Party/LwIP/src/core/netif.o
                0x00000000080048a8                netif_set_default
 .text.netif_set_up
                0x00000000080048b4       0x28 Middlewares/Third_Party/LwIP/src/core/netif.o
                0x00000000080048b4                netif_set_up
 .text.netif_set_down
                0x00000000080048dc       0x1c Middlewares/Third_Party/LwIP/src/core/netif.o
                0x00000000080048dc                netif_set_down
 .text.pbuf_free.part.0
                0x00000000080048f8       0x5c Middlewares/Third_Party/LwIP/src/core/pbuf.o
 .text.pbuf_copy.part.0
                0x0000000008004954       0xac Middlewares/Third_Party/LwIP/src/core/pbuf.o
 .text.pbuf_free_ooseq
                0x0000000008004a00       0x2c Middlewares/Third_Party/LwIP/src/core/pbuf.o
                0x0000000008004a00                pbuf_free_ooseq
 .text.pbuf_alloc
                0x0000000008004a2c      0x11c Middlewares/Third_Party/LwIP/src/core/pbuf.o
                0x0000000008004a2c                pbuf_alloc
 .text.pbuf_alloced_custom
                0x0000000008004b48       0x50 Middlewares/Third_Party/LwIP/src/core/pbuf.o
                0x0000000008004b48                pbuf_alloced_custom
 .text.pbuf_realloc
                0x0000000008004b98       0x74 Middlewares/Third_Party/LwIP/src/core/pbuf.o
                0x0000000008004b98                pbuf_realloc
 .text.pbuf_header
                0x0000000008004c0c       0x74 Middlewares/Third_Party/LwIP/src/core/pbuf.o
                0x0000000008004c0c                pbuf_header
 .text.pbuf_header_force
                0x0000000008004c80       0x74 Middlewares/Third_Party/LwIP/src/core/pbuf.o
                0x0000000008004c80                pbuf_header_force
 .text.pbuf_free
                0x0000000008004cf4       0x60 Middlewares/Third_Party/LwIP/src/core/pbuf.o
                0x0000000008004cf4                pbuf_free
 .text.pbuf_clen
                0x0000000008004d54       0x14 Middlewares/Third_Party/LwIP/src/core/pbuf.o
                0x0000000008004d54                pbuf_clen
 .text.pbuf_ref
                0x0000000008004d68        0xc Middlewares/Third_Party/LwIP/src/core/pbuf.o
                0x0000000008004d68                pbuf_ref
 .text.pbuf_cat
                0x0000000008004d74       0x2c Middlewares/Third_Party/LwIP/src/core/pbuf.o
                0x0000000008004d74                pbuf_cat
 .text.pbuf_chain
                0x0000000008004da0       0x3c Middlewares/Third_Party/LwIP/src/core/pbuf.o
                0x0000000008004da0                pbuf_chain
 .text.pbuf_copy
                0x0000000008004ddc       0x28 Middlewares/Third_Party/LwIP/src/core/pbuf.o
                0x0000000008004ddc                pbuf_copy
 .text.pbuf_copy_partial
                0x0000000008004e04       0x74 Middlewares/Third_Party/LwIP/src/core/pbuf.o
                0x0000000008004e04                pbuf_copy_partial
 .text.tcp_close_shutdown_fin
                0x0000000008004e78       0x48 Middlewares/Third_Party/LwIP/src/core/tcp.o
 .text.tcp_pcb_purge.part.0
                0x0000000008004ec0       0xb8 Middlewares/Third_Party/LwIP/src/core/tcp.o
 .text.tcp_close_shutdown
                0x0000000008004f78      0x1d8 Middlewares/Third_Party/LwIP/src/core/tcp.o
 .text.tcp_recv_null
                0x0000000008005150       0x98 Middlewares/Third_Party/LwIP/src/core/tcp.o
                0x0000000008005150                tcp_recv_null
 .text.tcp_init
                0x00000000080051e8        0x4 Middlewares/Third_Party/LwIP/src/core/tcp.o
                0x00000000080051e8                tcp_init
 .text.tcp_close
                0x00000000080051ec      0x1e8 Middlewares/Third_Party/LwIP/src/core/tcp.o
                0x00000000080051ec                tcp_close
 .text.tcp_abandon
                0x00000000080053d4      0x1d0 Middlewares/Third_Party/LwIP/src/core/tcp.o
                0x00000000080053d4                tcp_abandon
 .text.tcp_accept_null
                0x00000000080055a4       0x10 Middlewares/Third_Party/LwIP/src/core/tcp.o
 .text.tcp_abort
                0x00000000080055b4        0x8 Middlewares/Third_Party/LwIP/src/core/tcp.o
                0x00000000080055b4                tcp_abort
 .text.tcp_bind
                0x00000000080055bc       0xcc Middlewares/Third_Party/LwIP/src/core/tcp.o
                0x00000000080055bc                tcp_bind
 .text.tcp_listen_with_backlog
                0x0000000008005688       0x94 Middlewares/Third_Party/LwIP/src/core/tcp.o
                0x0000000008005688                tcp_listen_with_backlog
 .text.tcp_update_rcv_ann_wnd
                0x000000000800571c       0x44 Middlewares/Third_Party/LwIP/src/core/tcp.o
                0x000000000800571c                tcp_update_rcv_ann_wnd
 .text.tcp_recved
                0x0000000008005760       0x6c Middlewares/Third_Party/LwIP/src/core/tcp.o
                0x0000000008005760                tcp_recved
 .text.tcp_slowtmr
                0x00000000080057cc      0x394 Middlewares/Third_Party/LwIP/src/core/tcp.o
                0x00000000080057cc                tcp_slowtmr
 .text.tcp_process_refused_data
                0x0000000008005b60       0xcc Middlewares/Third_Party/LwIP/src/core/tcp.o
                0x0000000008005b60                tcp_process_refused_data
 .text.tcp_fasttmr
                0x0000000008005c2c       0x84 Middlewares/Third_Party/LwIP/src/core/tcp.o
                0x0000000008005c2c                tcp_fasttmr
 .text.tcp_tmr  0x0000000008005cb0       0x24 Middlewares/Third_Party/LwIP/src/core/tcp.o
                0x0000000008005cb0                tcp_tmr
 .text.tcp_segs_free
                0x0000000008005cd4       0x38 Middlewares/Third_Party/LwIP/src/core/tcp.o
                0x0000000008005cd4                tcp_segs_free
 .text.tcp_seg_free
                0x0000000008005d0c       0x1c Middlewares/Third_Party/LwIP/src/core/tcp.o
                0x0000000008005d0c                tcp_seg_free
 .text.tcp_setprio
                0x0000000008005d28        0x4 Middlewares/Third_Party/LwIP/src/core/tcp.o
                0x0000000008005d28                tcp_setprio
 .text.tcp_seg_copy
                0x0000000008005d2c       0x28 Middlewares/Third_Party/LwIP/src/core/tcp.o
                0x0000000008005d2c                tcp_seg_copy
 .text.tcp_alloc
                0x0000000008005d54      0x168 Middlewares/Third_Party/LwIP/src/core/tcp.o
                0x0000000008005d54                tcp_alloc
 .text.tcp_new_ip_type
                0x0000000008005ebc      0x160 Middlewares/Third_Party/LwIP/src/core/tcp.o
                0x0000000008005ebc                tcp_new_ip_type
 .text.tcp_arg  0x000000000800601c        0x8 Middlewares/Third_Party/LwIP/src/core/tcp.o
                0x000000000800601c                tcp_arg
 .text.tcp_recv
                0x0000000008006024        0x8 Middlewares/Third_Party/LwIP/src/core/tcp.o
                0x0000000008006024                tcp_recv
 .text.tcp_sent
                0x000000000800602c        0x8 Middlewares/Third_Party/LwIP/src/core/tcp.o
                0x000000000800602c                tcp_sent
 .text.tcp_err  0x0000000008006034        0x8 Middlewares/Third_Party/LwIP/src/core/tcp.o
                0x0000000008006034                tcp_err
 .text.tcp_accept
                0x000000000800603c        0xc Middlewares/Third_Party/LwIP/src/core/tcp.o
                0x000000000800603c                tcp_accept
 .text.tcp_poll
                0x0000000008006048        0x8 Middlewares/Third_Party/LwIP/src/core/tcp.o
                0x0000000008006048                tcp_poll
 .text.tcp_pcb_purge
                0x0000000008006050       0x10 Middlewares/Third_Party/LwIP/src/core/tcp.o
                0x0000000008006050                tcp_pcb_purge
 .text.tcp_pcb_remove
                0x0000000008006060       0x70 Middlewares/Third_Party/LwIP/src/core/tcp.o
                0x0000000008006060                tcp_pcb_remove
 .text.tcp_next_iss
                0x00000000080060d0       0x18 Middlewares/Third_Party/LwIP/src/core/tcp.o
                0x00000000080060d0                tcp_next_iss
 .text.tcp_eff_send_mss_impl
                0x00000000080060e8       0x20 Middlewares/Third_Party/LwIP/src/core/tcp.o
                0x00000000080060e8                tcp_eff_send_mss_impl
 .text.tcp_netif_ip_addr_changed
                0x0000000008006108       0x88 Middlewares/Third_Party/LwIP/src/core/tcp.o
                0x0000000008006108                tcp_netif_ip_addr_changed
 .text.tcp_oos_insert_segment
                0x0000000008006190       0x98 Middlewares/Third_Party/LwIP/src/core/tcp_in.o
 .text.tcp_receive
                0x0000000008006228      0x82c Middlewares/Third_Party/LwIP/src/core/tcp_in.o
 .text.tcp_parseopt.isra.0.part.0
                0x0000000008006a54      0x178 Middlewares/Third_Party/LwIP/src/core/tcp_in.o
 .text.tcp_input
                0x0000000008006bcc      0x9b4 Middlewares/Third_Party/LwIP/src/core/tcp_in.o
                0x0000000008006bcc                tcp_input
 .text.tcp_trigger_input_pcb_close
                0x0000000008007580       0x10 Middlewares/Third_Party/LwIP/src/core/tcp_in.o
                0x0000000008007580                tcp_trigger_input_pcb_close
 .text.tcp_write
                0x0000000008007590      0x56c Middlewares/Third_Party/LwIP/src/core/tcp_out.o
                0x0000000008007590                tcp_write
 .text.tcp_enqueue_flags
                0x0000000008007afc      0x108 Middlewares/Third_Party/LwIP/src/core/tcp_out.o
                0x0000000008007afc                tcp_enqueue_flags
 .text.tcp_send_fin
                0x0000000008007c04       0x44 Middlewares/Third_Party/LwIP/src/core/tcp_out.o
                0x0000000008007c04                tcp_send_fin
 .text.tcp_send_empty_ack
                0x0000000008007c48       0xbc Middlewares/Third_Party/LwIP/src/core/tcp_out.o
                0x0000000008007c48                tcp_send_empty_ack
 .text.tcp_output
                0x0000000008007d04      0x31c Middlewares/Third_Party/LwIP/src/core/tcp_out.o
                0x0000000008007d04                tcp_output
 .text.tcp_rst  0x0000000008008020       0x90 Middlewares/Third_Party/LwIP/src/core/tcp_out.o
                0x0000000008008020                tcp_rst
 .text.tcp_rexmit_rto
                0x00000000080080b0       0x38 Middlewares/Third_Party/LwIP/src/core/tcp_out.o
                0x00000000080080b0                tcp_rexmit_rto
 .text.tcp_rexmit
                0x00000000080080e8       0x58 Middlewares/Third_Party/LwIP/src/core/tcp_out.o
                0x00000000080080e8                tcp_rexmit
 .text.tcp_rexmit_fast
                0x0000000008008140       0x50 Middlewares/Third_Party/LwIP/src/core/tcp_out.o
                0x0000000008008140                tcp_rexmit_fast
 .text.tcp_keepalive
                0x0000000008008190       0xa4 Middlewares/Third_Party/LwIP/src/core/tcp_out.o
                0x0000000008008190                tcp_keepalive
 .text.tcp_zero_window_probe
                0x0000000008008234      0x128 Middlewares/Third_Party/LwIP/src/core/tcp_out.o
                0x0000000008008234                tcp_zero_window_probe
 .text.cyclic_timer
                0x000000000800835c       0x9c Middlewares/Third_Party/LwIP/src/core/timeouts.o
 .text.tcpip_tcp_timer
                0x00000000080083f8       0xb8 Middlewares/Third_Party/LwIP/src/core/timeouts.o
 .text.tcp_timer_needed
                0x00000000080084b0       0xc0 Middlewares/Third_Party/LwIP/src/core/timeouts.o
                0x00000000080084b0                tcp_timer_needed
 .text.sys_timeouts_init
                0x0000000008008570       0xbc Middlewares/Third_Party/LwIP/src/core/timeouts.o
                0x0000000008008570                sys_timeouts_init
 .text.sys_check_timeouts
                0x000000000800862c       0x7c Middlewares/Third_Party/LwIP/src/core/timeouts.o
                0x000000000800862c                sys_check_timeouts
 .text.udp_init
                0x00000000080086a8        0x4 Middlewares/Third_Party/LwIP/src/core/udp.o
                0x00000000080086a8                udp_init
 .text.udp_input
                0x00000000080086ac      0x194 Middlewares/Third_Party/LwIP/src/core/udp.o
                0x00000000080086ac                udp_input
 .text.udp_bind
                0x0000000008008840       0xd8 Middlewares/Third_Party/LwIP/src/core/udp.o
                0x0000000008008840                udp_bind
 .text.udp_sendto_if_src
                0x0000000008008918       0xfc Middlewares/Third_Party/LwIP/src/core/udp.o
                0x0000000008008918                udp_sendto_if_src
 .text.udp_sendto_if
                0x0000000008008a14      0x13c Middlewares/Third_Party/LwIP/src/core/udp.o
                0x0000000008008a14                udp_sendto_if
 .text.udp_connect
                0x0000000008008b50       0x60 Middlewares/Third_Party/LwIP/src/core/udp.o
                0x0000000008008b50                udp_connect
 .text.udp_recv
                0x0000000008008bb0        0x8 Middlewares/Third_Party/LwIP/src/core/udp.o
                0x0000000008008bb0                udp_recv
 .text.udp_remove
                0x0000000008008bb8       0x30 Middlewares/Third_Party/LwIP/src/core/udp.o
                0x0000000008008bb8                udp_remove
 .text.udp_new  0x0000000008008be8       0x1c Middlewares/Third_Party/LwIP/src/core/udp.o
                0x0000000008008be8                udp_new
 .text.udp_netif_ip_addr_changed
                0x0000000008008c04       0x3c Middlewares/Third_Party/LwIP/src/core/udp.o
                0x0000000008008c04                udp_netif_ip_addr_changed
 .text.dhcp_create_msg
                0x0000000008008c40      0x220 Middlewares/Third_Party/LwIP/src/core/ipv4/dhcp.o
 .text.dhcp_discover
                0x0000000008008e60      0x14c Middlewares/Third_Party/LwIP/src/core/ipv4/dhcp.o
 .text.dhcp_select
                0x0000000008008fac      0x204 Middlewares/Third_Party/LwIP/src/core/ipv4/dhcp.o
 .text.dhcp_reboot
                0x00000000080091b0      0x19c Middlewares/Third_Party/LwIP/src/core/ipv4/dhcp.o
 .text.dhcp_bind
                0x000000000800934c      0x12c Middlewares/Third_Party/LwIP/src/core/ipv4/dhcp.o
 .text.dhcp_handle_ack.isra.0
                0x0000000008009478       0x70 Middlewares/Third_Party/LwIP/src/core/ipv4/dhcp.o
 .text.dhcp_recv
                0x00000000080094e8      0x4a8 Middlewares/Third_Party/LwIP/src/core/ipv4/dhcp.o
 .text.dhcp_start
                0x0000000008009990      0x120 Middlewares/Third_Party/LwIP/src/core/ipv4/dhcp.o
                0x0000000008009990                dhcp_start
 .text.dhcp_arp_reply
                0x0000000008009ab0      0x10c Middlewares/Third_Party/LwIP/src/core/ipv4/dhcp.o
                0x0000000008009ab0                dhcp_arp_reply
 .text.dhcp_renew
                0x0000000008009bbc      0x140 Middlewares/Third_Party/LwIP/src/core/ipv4/dhcp.o
                0x0000000008009bbc                dhcp_renew
 .text.dhcp_release
                0x0000000008009cfc      0x130 Middlewares/Third_Party/LwIP/src/core/ipv4/dhcp.o
                0x0000000008009cfc                dhcp_release
 .text.dhcp_coarse_tmr
                0x0000000008009e2c      0x1e0 Middlewares/Third_Party/LwIP/src/core/ipv4/dhcp.o
                0x0000000008009e2c                dhcp_coarse_tmr
 .text.dhcp_fine_tmr
                0x000000000800a00c       0x98 Middlewares/Third_Party/LwIP/src/core/ipv4/dhcp.o
                0x000000000800a00c                dhcp_fine_tmr
 .text.etharp_find_entry.isra.0
                0x000000000800a0a4      0x880 Middlewares/Third_Party/LwIP/src/core/ipv4/etharp.o
 .text.etharp_output_to_arp_index
                0x000000000800a924      0x168 Middlewares/Third_Party/LwIP/src/core/ipv4/etharp.o
 .text.etharp_tmr
                0x000000000800aa8c       0xf8 Middlewares/Third_Party/LwIP/src/core/ipv4/etharp.o
                0x000000000800aa8c                etharp_tmr
 .text.etharp_cleanup_netif
                0x000000000800ab84      0x1b0 Middlewares/Third_Party/LwIP/src/core/ipv4/etharp.o
                0x000000000800ab84                etharp_cleanup_netif
 .text.etharp_input
                0x000000000800ad34      0x184 Middlewares/Third_Party/LwIP/src/core/ipv4/etharp.o
                0x000000000800ad34                etharp_input
 .text.etharp_query
                0x000000000800aeb8      0x1a4 Middlewares/Third_Party/LwIP/src/core/ipv4/etharp.o
                0x000000000800aeb8                etharp_query
 .text.etharp_output
                0x000000000800b05c      0x194 Middlewares/Third_Party/LwIP/src/core/ipv4/etharp.o
                0x000000000800b05c                etharp_output
 .text.etharp_request
                0x000000000800b1f0       0x8c Middlewares/Third_Party/LwIP/src/core/ipv4/etharp.o
                0x000000000800b1f0                etharp_request
 .text.icmp_input
                0x000000000800b27c      0x104 Middlewares/Third_Party/LwIP/src/core/ipv4/icmp.o
                0x000000000800b27c                icmp_input
 .text.icmp_dest_unreach
                0x000000000800b380       0x70 Middlewares/Third_Party/LwIP/src/core/ipv4/icmp.o
                0x000000000800b380                icmp_dest_unreach
 .text.icmp_time_exceeded
                0x000000000800b3f0       0x70 Middlewares/Third_Party/LwIP/src/core/ipv4/icmp.o
                0x000000000800b3f0                icmp_time_exceeded
 .text.ip4_route
                0x000000000800b460       0x68 Middlewares/Third_Party/LwIP/src/core/ipv4/ip4.o
                0x000000000800b460                ip4_route
 .text.ip4_input
                0x000000000800b4c8      0x1d8 Middlewares/Third_Party/LwIP/src/core/ipv4/ip4.o
                0x000000000800b4c8                ip4_input
 .text.ip4_output_if
                0x000000000800b6a0       0xc0 Middlewares/Third_Party/LwIP/src/core/ipv4/ip4.o
                0x000000000800b6a0                ip4_output_if
 .text.ip4_output_if_src
                0x000000000800b760       0xc4 Middlewares/Third_Party/LwIP/src/core/ipv4/ip4.o
                0x000000000800b760                ip4_output_if_src
 .text.ip4_addr_isbroadcast_u32
                0x000000000800b824       0x38 Middlewares/Third_Party/LwIP/src/core/ipv4/ip4_addr.o
                0x000000000800b824                ip4_addr_isbroadcast_u32
 .text.ip_reass_free_complete_datagram
                0x000000000800b85c       0xa4 Middlewares/Third_Party/LwIP/src/core/ipv4/ip4_frag.o
 .text.ip_reass_remove_oldest_datagram
                0x000000000800b900       0x88 Middlewares/Third_Party/LwIP/src/core/ipv4/ip4_frag.o
 .text.ipfrag_free_pbuf_custom
                0x000000000800b988       0x18 Middlewares/Third_Party/LwIP/src/core/ipv4/ip4_frag.o
 .text.ip_reass_tmr
                0x000000000800b9a0       0x34 Middlewares/Third_Party/LwIP/src/core/ipv4/ip4_frag.o
                0x000000000800b9a0                ip_reass_tmr
 .text.ip4_reass
                0x000000000800b9d4      0x3d0 Middlewares/Third_Party/LwIP/src/core/ipv4/ip4_frag.o
                0x000000000800b9d4                ip4_reass
 .text.ip4_frag
                0x000000000800bda4      0x1a8 Middlewares/Third_Party/LwIP/src/core/ipv4/ip4_frag.o
                0x000000000800bda4                ip4_frag
 .text.ethernet_input
                0x000000000800bf4c       0x9c Middlewares/Third_Party/LwIP/src/netif/ethernet.o
                0x000000000800bf4c                ethernet_input
 .text.ethernet_output
                0x000000000800bfe8       0x4c Middlewares/Third_Party/LwIP/src/netif/ethernet.o
                0x000000000800bfe8                ethernet_output
 .text.writeNibble.constprop.0
                0x000000000800c034       0x60 Src/LCD.o
 .text.writeNibble.constprop.1
                0x000000000800c094       0x5c Src/LCD.o
 .text.writeNibble.constprop.2
                0x000000000800c0f0       0x5c Src/LCD.o
 .text.writeNibble.constprop.3
                0x000000000800c14c       0x5c Src/LCD.o
 .text.writeNibble.constprop.4
                0x000000000800c1a8       0x60 Src/LCD.o
 .text.writeNibble
                0x000000000800c208       0x98 Src/LCD.o
                0x000000000800c208                writeNibble
 .text.LCD_Init
                0x000000000800c2a0       0x78 Src/LCD.o
                0x000000000800c2a0                LCD_Init
 .text.LCD_curSetHome
                0x000000000800c318       0x64 Src/LCD.o
                0x000000000800c318                LCD_curSetHome
 .text.LCD_curSet
                0x000000000800c37c       0x24 Src/LCD.o
                0x000000000800c37c                LCD_curSet
 .text.LCD_putch
                0x000000000800c3a0       0xa0 Src/LCD.o
                0x000000000800c3a0                LCD_putch
 .text.LCD_print
                0x000000000800c440       0xc8 Src/LCD.o
                0x000000000800c440                LCD_print
 .text.LCD_curMode
                0x000000000800c508       0x78 Src/LCD.o
                0x000000000800c508                LCD_curMode
 .text.LCD_printf
                0x000000000800c580      0x2d8 Src/LCD.o
                0x000000000800c580                LCD_printf
 .text.low_level_output
                0x000000000800c858       0xbc Src/ethernetif.o
 .text.HAL_ETH_MspInit
                0x000000000800c914      0x108 Src/ethernetif.o
                0x000000000800c914                HAL_ETH_MspInit
 .text.ethernetif_input
                0x000000000800ca1c       0xf4 Src/ethernetif.o
                0x000000000800ca1c                ethernetif_input
 .text.ethernetif_init
                0x000000000800cb10       0xf8 Src/ethernetif.o
                0x000000000800cb10                ethernetif_init
 .text.sys_now  0x000000000800cc08        0x4 Src/ethernetif.o
                0x000000000800cc08                sys_now
 .text.MX_LWIP_Init
                0x000000000800cc0c       0x70 Src/lwip.o
                0x000000000800cc0c                MX_LWIP_Init
 .text.MX_LWIP_Process
                0x000000000800cc7c       0x14 Src/lwip.o
                0x000000000800cc7c                MX_LWIP_Process
 .text.handlerSSI
                0x000000000800cc90       0x54 Src/main.o
                0x000000000800cc90                handlerSSI
 .text.SystemClock_Config
                0x000000000800cce4       0x9c Src/main.o
                0x000000000800cce4                SystemClock_Config
 .text.startup.main
                0x000000000800cd80      0x89c Src/main.o
                0x000000000800cd80                main
 .text.Error_Handler
                0x000000000800d61c        0x4 Src/main.o
                0x000000000800d61c                Error_Handler
 .text.HAL_MspInit
                0x000000000800d620       0x3c Src/stm32f4xx_hal_msp.o
                0x000000000800d620                HAL_MspInit
 .text.HAL_ADC_MspInit
                0x000000000800d65c      0x100 Src/stm32f4xx_hal_msp.o
                0x000000000800d65c                HAL_ADC_MspInit
 .text.HAL_TIM_Base_MspInit
                0x000000000800d75c       0x2c Src/stm32f4xx_hal_msp.o
                0x000000000800d75c                HAL_TIM_Base_MspInit
 .text.HAL_UART_MspInit
                0x000000000800d788       0x74 Src/stm32f4xx_hal_msp.o
                0x000000000800d788                HAL_UART_MspInit
 .text.SVC_Handler
                0x000000000800d7fc        0x4 Src/stm32f4xx_it.o
                0x000000000800d7fc                SVC_Handler
 .text.PendSV_Handler
                0x000000000800d800        0x4 Src/stm32f4xx_it.o
                0x000000000800d800                PendSV_Handler
 .text.SysTick_Handler
                0x000000000800d804       0x10 Src/stm32f4xx_it.o
                0x000000000800d804                SysTick_Handler
 .text.EXTI1_IRQHandler
                0x000000000800d814        0x8 Src/stm32f4xx_it.o
                0x000000000800d814                EXTI1_IRQHandler
 .text.EXTI3_IRQHandler
                0x000000000800d81c        0x8 Src/stm32f4xx_it.o
                0x000000000800d81c                EXTI3_IRQHandler
 .text.EXTI9_5_IRQHandler
                0x000000000800d824        0x8 Src/stm32f4xx_it.o
                0x000000000800d824                EXTI9_5_IRQHandler
 .text.TIM2_IRQHandler
                0x000000000800d82c        0xc Src/stm32f4xx_it.o
                0x000000000800d82c                TIM2_IRQHandler
 .text.EXTI15_10_IRQHandler
                0x000000000800d838        0x8 Src/stm32f4xx_it.o
                0x000000000800d838                EXTI15_10_IRQHandler
 .text.UART4_IRQHandler
                0x000000000800d840        0xc Src/stm32f4xx_it.o
                0x000000000800d840                UART4_IRQHandler
 .text.DMA2_Stream0_IRQHandler
                0x000000000800d84c        0xc Src/stm32f4xx_it.o
                0x000000000800d84c                DMA2_Stream0_IRQHandler
 .text.ETH_IRQHandler
                0x000000000800d858        0xc Src/stm32f4xx_it.o
                0x000000000800d858                ETH_IRQHandler
 .text.HAL_GPIO_EXTI_Callback
                0x000000000800d864      0x168 Src/stm32f4xx_it.o
                0x000000000800d864                HAL_GPIO_EXTI_Callback
 .text.HAL_UART_TxCpltCallback
                0x000000000800d9cc        0xc Src/stm32f4xx_it.o
                0x000000000800d9cc                HAL_UART_TxCpltCallback
 .text.HAL_TIM_PeriodElapsedCallback
                0x000000000800d9d8       0x20 Src/stm32f4xx_it.o
                0x000000000800d9d8                HAL_TIM_PeriodElapsedCallback
 .text.HAL_ADC_ConvCpltCallback
                0x000000000800d9f8       0x34 Src/stm32f4xx_it.o
                0x000000000800d9f8                HAL_ADC_ConvCpltCallback
 .text._getpid  0x000000000800da2c        0x4 Src/syscalls.o
                0x000000000800da2c                _getpid
 .text._kill    0x000000000800da30       0x10 Src/syscalls.o
                0x000000000800da30                _kill
 .text._exit    0x000000000800da40        0xc Src/syscalls.o
                0x000000000800da40                _exit
 .text._read    0x000000000800da4c       0x1c Src/syscalls.o
                0x000000000800da4c                _read
 .text._write   0x000000000800da68       0x1c Src/syscalls.o
                0x000000000800da68                _write
 .text._close   0x000000000800da84        0x8 Src/syscalls.o
                0x000000000800da84                _close
 .text._fstat   0x000000000800da8c        0xc Src/syscalls.o
                0x000000000800da8c                _fstat
 .text._isatty  0x000000000800da98        0x4 Src/syscalls.o
                0x000000000800da98                _isatty
 .text._lseek   0x000000000800da9c        0x4 Src/syscalls.o
                0x000000000800da9c                _lseek
 .text._sbrk    0x000000000800daa0       0x34 Src/sysmem.o
                0x000000000800daa0                _sbrk
 .text.SystemInit
                0x000000000800dad4       0x50 Src/system_stm32f4xx.o
                0x000000000800dad4                SystemInit
 .text.Reset_Handler
                0x000000000800db24       0x50 Startup/startup_stm32f407vgtx.o
                0x000000000800db24                Reset_Handler
 .text.Default_Handler
                0x000000000800db74        0x2 Startup/startup_stm32f407vgtx.o
                0x000000000800db74                RTC_Alarm_IRQHandler
                0x000000000800db74                HASH_RNG_IRQHandler
                0x000000000800db74                EXTI2_IRQHandler
                0x000000000800db74                TIM8_CC_IRQHandler
                0x000000000800db74                DebugMon_Handler
                0x000000000800db74                TIM1_CC_IRQHandler
                0x000000000800db74                DMA2_Stream5_IRQHandler
                0x000000000800db74                HardFault_Handler
                0x000000000800db74                DMA1_Stream5_IRQHandler
                0x000000000800db74                PVD_IRQHandler
                0x000000000800db74                SDIO_IRQHandler
                0x000000000800db74                TAMP_STAMP_IRQHandler
                0x000000000800db74                NMI_Handler
                0x000000000800db74                CAN2_RX1_IRQHandler
                0x000000000800db74                TIM8_TRG_COM_TIM14_IRQHandler
                0x000000000800db74                TIM1_UP_TIM10_IRQHandler
                0x000000000800db74                TIM8_UP_TIM13_IRQHandler
                0x000000000800db74                I2C3_ER_IRQHandler
                0x000000000800db74                EXTI0_IRQHandler
                0x000000000800db74                I2C2_EV_IRQHandler
                0x000000000800db74                DMA1_Stream2_IRQHandler
                0x000000000800db74                CAN1_RX0_IRQHandler
                0x000000000800db74                FPU_IRQHandler
                0x000000000800db74                OTG_HS_WKUP_IRQHandler
                0x000000000800db74                UsageFault_Handler
                0x000000000800db74                CAN2_SCE_IRQHandler
                0x000000000800db74                DMA2_Stream2_IRQHandler
                0x000000000800db74                SPI1_IRQHandler
                0x000000000800db74                TIM6_DAC_IRQHandler
                0x000000000800db74                TIM1_BRK_TIM9_IRQHandler
                0x000000000800db74                DCMI_IRQHandler
                0x000000000800db74                CAN2_RX0_IRQHandler
                0x000000000800db74                DMA2_Stream3_IRQHandler
                0x000000000800db74                USART6_IRQHandler
                0x000000000800db74                USART3_IRQHandler
                0x000000000800db74                CAN1_RX1_IRQHandler
                0x000000000800db74                UART5_IRQHandler
                0x000000000800db74                TIM4_IRQHandler
                0x000000000800db74                I2C1_EV_IRQHandler
                0x000000000800db74                DMA1_Stream6_IRQHandler
                0x000000000800db74                DMA1_Stream1_IRQHandler
                0x000000000800db74                TIM3_IRQHandler
                0x000000000800db74                RCC_IRQHandler
                0x000000000800db74                TIM8_BRK_TIM12_IRQHandler
                0x000000000800db74                Default_Handler
                0x000000000800db74                ADC_IRQHandler
                0x000000000800db74                DMA1_Stream7_IRQHandler
                0x000000000800db74                TIM7_IRQHandler
                0x000000000800db74                CAN2_TX_IRQHandler
                0x000000000800db74                TIM5_IRQHandler
                0x000000000800db74                DMA2_Stream7_IRQHandler
                0x000000000800db74                I2C3_EV_IRQHandler
                0x000000000800db74                RTC_WKUP_IRQHandler
                0x000000000800db74                ETH_WKUP_IRQHandler
                0x000000000800db74                SPI2_IRQHandler
                0x000000000800db74                OTG_HS_EP1_IN_IRQHandler
                0x000000000800db74                MemManage_Handler
                0x000000000800db74                DMA1_Stream0_IRQHandler
                0x000000000800db74                CAN1_TX_IRQHandler
                0x000000000800db74                EXTI4_IRQHandler
                0x000000000800db74                FSMC_IRQHandler
                0x000000000800db74                OTG_HS_EP1_OUT_IRQHandler
                0x000000000800db74                WWDG_IRQHandler
                0x000000000800db74                OTG_FS_WKUP_IRQHandler
                0x000000000800db74                TIM1_TRG_COM_TIM11_IRQHandler
                0x000000000800db74                OTG_HS_IRQHandler
                0x000000000800db74                USART2_IRQHandler
                0x000000000800db74                I2C2_ER_IRQHandler
                0x000000000800db74                DMA2_Stream1_IRQHandler
                0x000000000800db74                CAN1_SCE_IRQHandler
                0x000000000800db74                FLASH_IRQHandler
                0x000000000800db74                DMA2_Stream4_IRQHandler
                0x000000000800db74                BusFault_Handler
                0x000000000800db74                USART1_IRQHandler
                0x000000000800db74                OTG_FS_IRQHandler
                0x000000000800db74                SPI3_IRQHandler
                0x000000000800db74                DMA1_Stream4_IRQHandler
                0x000000000800db74                I2C1_ER_IRQHandler
                0x000000000800db74                DMA2_Stream6_IRQHandler
                0x000000000800db74                DMA1_Stream3_IRQHandler
 *fill*         0x000000000800db76        0x2 
 .text.__libc_init_array
                0x000000000800db78       0x48 c:/users/mames/.eclipse/com.st.stm32cube.ide.mcu.rcp.product_1.5.1_931663386_win32_win32_x86_64/plugins/com.st.stm32cube.ide.mcu.externaltools.gnu-tools-for-stm32.9-2020-q2-update.win32_1.5.0.202011040924/tools/bin/../lib/gcc/arm-none-eabi/9.3.1/../../../../arm-none-eabi/lib/thumb/v7e-m+fp/hard\libc_nano.a(lib_a-init.o)
                0x000000000800db78                __libc_init_array
 .text.memcmp   0x000000000800dbc0       0x1c c:/users/mames/.eclipse/com.st.stm32cube.ide.mcu.rcp.product_1.5.1_931663386_win32_win32_x86_64/plugins/com.st.stm32cube.ide.mcu.externaltools.gnu-tools-for-stm32.9-2020-q2-update.win32_1.5.0.202011040924/tools/bin/../lib/gcc/arm-none-eabi/9.3.1/../../../../arm-none-eabi/lib/thumb/v7e-m+fp/hard\libc_nano.a(lib_a-memcmp.o)
                0x000000000800dbc0                memcmp
 .text.memcpy   0x000000000800dbdc       0x1c c:/users/mames/.eclipse/com.st.stm32cube.ide.mcu.rcp.product_1.5.1_931663386_win32_win32_x86_64/plugins/com.st.stm32cube.ide.mcu.externaltools.gnu-tools-for-stm32.9-2020-q2-update.win32_1.5.0.202011040924/tools/bin/../lib/gcc/arm-none-eabi/9.3.1/../../../../arm-none-eabi/lib/thumb/v7e-m+fp/hard\libc_nano.a(lib_a-memcpy-stub.o)
                0x000000000800dbdc                memcpy
 .text.memset   0x000000000800dbf8       0x10 c:/users/mames/.eclipse/com.st.stm32cube.ide.mcu.rcp.product_1.5.1_931663386_win32_win32_x86_64/plugins/com.st.stm32cube.ide.mcu.externaltools.gnu-tools-for-stm32.9-2020-q2-update.win32_1.5.0.202011040924/tools/bin/../lib/gcc/arm-none-eabi/9.3.1/../../../../arm-none-eabi/lib/thumb/v7e-m+fp/hard\libc_nano.a(lib_a-memset.o)
                0x000000000800dbf8                memset
 .text.__cvt    0x000000000800dc08       0xc4 c:/users/mames/.eclipse/com.st.stm32cube.ide.mcu.rcp.product_1.5.1_931663386_win32_win32_x86_64/plugins/com.st.stm32cube.ide.mcu.externaltools.gnu-tools-for-stm32.9-2020-q2-update.win32_1.5.0.202011040924/tools/bin/../lib/gcc/arm-none-eabi/9.3.1/../../../../arm-none-eabi/lib/thumb/v7e-m+fp/hard\libc_nano.a(lib_a-nano-vfprintf_float.o)
                0x000000000800dc08                __cvt
 .text.__exponent
                0x000000000800dccc       0x7c c:/users/mames/.eclipse/com.st.stm32cube.ide.mcu.rcp.product_1.5.1_931663386_win32_win32_x86_64/plugins/com.st.stm32cube.ide.mcu.externaltools.gnu-tools-for-stm32.9-2020-q2-update.win32_1.5.0.202011040924/tools/bin/../lib/gcc/arm-none-eabi/9.3.1/../../../../arm-none-eabi/lib/thumb/v7e-m+fp/hard\libc_nano.a(lib_a-nano-vfprintf_float.o)
                0x000000000800dccc                __exponent
 .text._printf_float
                0x000000000800dd48      0x46c c:/users/mames/.eclipse/com.st.stm32cube.ide.mcu.rcp.product_1.5.1_931663386_win32_win32_x86_64/plugins/com.st.stm32cube.ide.mcu.externaltools.gnu-tools-for-stm32.9-2020-q2-update.win32_1.5.0.202011040924/tools/bin/../lib/gcc/arm-none-eabi/9.3.1/../../../../arm-none-eabi/lib/thumb/v7e-m+fp/hard\libc_nano.a(lib_a-nano-vfprintf_float.o)
                0x000000000800dd48                _printf_float
 .text._printf_common
                0x000000000800e1b4       0xda c:/users/mames/.eclipse/com.st.stm32cube.ide.mcu.rcp.product_1.5.1_931663386_win32_win32_x86_64/plugins/com.st.stm32cube.ide.mcu.externaltools.gnu-tools-for-stm32.9-2020-q2-update.win32_1.5.0.202011040924/tools/bin/../lib/gcc/arm-none-eabi/9.3.1/../../../../arm-none-eabi/lib/thumb/v7e-m+fp/hard\libc_nano.a(lib_a-nano-vfprintf_i.o)
                0x000000000800e1b4                _printf_common
 *fill*         0x000000000800e28e        0x2 
 .text._printf_i
                0x000000000800e290      0x24c c:/users/mames/.eclipse/com.st.stm32cube.ide.mcu.rcp.product_1.5.1_931663386_win32_win32_x86_64/plugins/com.st.stm32cube.ide.mcu.externaltools.gnu-tools-for-stm32.9-2020-q2-update.win32_1.5.0.202011040924/tools/bin/../lib/gcc/arm-none-eabi/9.3.1/../../../../arm-none-eabi/lib/thumb/v7e-m+fp/hard\libc_nano.a(lib_a-nano-vfprintf_i.o)
                0x000000000800e290                _printf_i
 .text.rand     0x000000000800e4dc       0x80 c:/users/mames/.eclipse/com.st.stm32cube.ide.mcu.rcp.product_1.5.1_931663386_win32_win32_x86_64/plugins/com.st.stm32cube.ide.mcu.externaltools.gnu-tools-for-stm32.9-2020-q2-update.win32_1.5.0.202011040924/tools/bin/../lib/gcc/arm-none-eabi/9.3.1/../../../../arm-none-eabi/lib/thumb/v7e-m+fp/hard\libc_nano.a(lib_a-rand.o)
                0x000000000800e4dc                rand
 .text.sprintf  0x000000000800e55c       0x40 c:/users/mames/.eclipse/com.st.stm32cube.ide.mcu.rcp.product_1.5.1_931663386_win32_win32_x86_64/plugins/com.st.stm32cube.ide.mcu.externaltools.gnu-tools-for-stm32.9-2020-q2-update.win32_1.5.0.202011040924/tools/bin/../lib/gcc/arm-none-eabi/9.3.1/../../../../arm-none-eabi/lib/thumb/v7e-m+fp/hard\libc_nano.a(lib_a-sprintf.o)
                0x000000000800e55c                siprintf
                0x000000000800e55c                sprintf
 .text.strchr   0x000000000800e59c       0x1a c:/users/mames/.eclipse/com.st.stm32cube.ide.mcu.rcp.product_1.5.1_931663386_win32_win32_x86_64/plugins/com.st.stm32cube.ide.mcu.externaltools.gnu-tools-for-stm32.9-2020-q2-update.win32_1.5.0.202011040924/tools/bin/../lib/gcc/arm-none-eabi/9.3.1/../../../../arm-none-eabi/lib/thumb/v7e-m+fp/hard\libc_nano.a(lib_a-strchr.o)
                0x000000000800e59c                strchr
 .text.strncmp  0x000000000800e5b6       0x24 c:/users/mames/.eclipse/com.st.stm32cube.ide.mcu.rcp.product_1.5.1_931663386_win32_win32_x86_64/plugins/com.st.stm32cube.ide.mcu.externaltools.gnu-tools-for-stm32.9-2020-q2-update.win32_1.5.0.202011040924/tools/bin/../lib/gcc/arm-none-eabi/9.3.1/../../../../arm-none-eabi/lib/thumb/v7e-m+fp/hard\libc_nano.a(lib_a-strncmp.o)
                0x000000000800e5b6                strncmp
 *fill*         0x000000000800e5da        0x2 
 .text.__assert_func
                0x000000000800e5dc       0x3c c:/users/mames/.eclipse/com.st.stm32cube.ide.mcu.rcp.product_1.5.1_931663386_win32_win32_x86_64/plugins/com.st.stm32cube.ide.mcu.externaltools.gnu-tools-for-stm32.9-2020-q2-update.win32_1.5.0.202011040924/tools/bin/../lib/gcc/arm-none-eabi/9.3.1/../../../../arm-none-eabi/lib/thumb/v7e-m+fp/hard\libc_nano.a(lib_a-assert.o)
                0x000000000800e5dc                __assert_func
 .text.quorem   0x000000000800e618      0x116 c:/users/mames/.eclipse/com.st.stm32cube.ide.mcu.rcp.product_1.5.1_931663386_win32_win32_x86_64/plugins/com.st.stm32cube.ide.mcu.externaltools.gnu-tools-for-stm32.9-2020-q2-update.win32_1.5.0.202011040924/tools/bin/../lib/gcc/arm-none-eabi/9.3.1/../../../../arm-none-eabi/lib/thumb/v7e-m+fp/hard\libc_nano.a(lib_a-dtoa.o)
 *fill*         0x000000000800e72e        0x2 
 .text._dtoa_r  0x000000000800e730      0xbd8 c:/users/mames/.eclipse/com.st.stm32cube.ide.mcu.rcp.product_1.5.1_931663386_win32_win32_x86_64/plugins/com.st.stm32cube.ide.mcu.externaltools.gnu-tools-for-stm32.9-2020-q2-update.win32_1.5.0.202011040924/tools/bin/../lib/gcc/arm-none-eabi/9.3.1/../../../../arm-none-eabi/lib/thumb/v7e-m+fp/hard\libc_nano.a(lib_a-dtoa.o)
                0x000000000800e730                _dtoa_r
 .text.fprintf  0x000000000800f308       0x24 c:/users/mames/.eclipse/com.st.stm32cube.ide.mcu.rcp.product_1.5.1_931663386_win32_win32_x86_64/plugins/com.st.stm32cube.ide.mcu.externaltools.gnu-tools-for-stm32.9-2020-q2-update.win32_1.5.0.202011040924/tools/bin/../lib/gcc/arm-none-eabi/9.3.1/../../../../arm-none-eabi/lib/thumb/v7e-m+fp/hard\libc_nano.a(lib_a-fprintf.o)
                0x000000000800f308                fiprintf
                0x000000000800f308                fprintf
 .text._localeconv_r
                0x000000000800f32c        0x8 c:/users/mames/.eclipse/com.st.stm32cube.ide.mcu.rcp.product_1.5.1_931663386_win32_win32_x86_64/plugins/com.st.stm32cube.ide.mcu.externaltools.gnu-tools-for-stm32.9-2020-q2-update.win32_1.5.0.202011040924/tools/bin/../lib/gcc/arm-none-eabi/9.3.1/../../../../arm-none-eabi/lib/thumb/v7e-m+fp/hard\libc_nano.a(lib_a-localeconv.o)
                0x000000000800f32c                _localeconv_r
 .text.malloc   0x000000000800f334       0x10 c:/users/mames/.eclipse/com.st.stm32cube.ide.mcu.rcp.product_1.5.1_931663386_win32_win32_x86_64/plugins/com.st.stm32cube.ide.mcu.externaltools.gnu-tools-for-stm32.9-2020-q2-update.win32_1.5.0.202011040924/tools/bin/../lib/gcc/arm-none-eabi/9.3.1/../../../../arm-none-eabi/lib/thumb/v7e-m+fp/hard\libc_nano.a(lib_a-malloc.o)
                0x000000000800f334                malloc
 .text._Balloc  0x000000000800f344       0x80 c:/users/mames/.eclipse/com.st.stm32cube.ide.mcu.rcp.product_1.5.1_931663386_win32_win32_x86_64/plugins/com.st.stm32cube.ide.mcu.externaltools.gnu-tools-for-stm32.9-2020-q2-update.win32_1.5.0.202011040924/tools/bin/../lib/gcc/arm-none-eabi/9.3.1/../../../../arm-none-eabi/lib/thumb/v7e-m+fp/hard\libc_nano.a(lib_a-mprec.o)
                0x000000000800f344                _Balloc
 .text._Bfree   0x000000000800f3c4       0x44 c:/users/mames/.eclipse/com.st.stm32cube.ide.mcu.rcp.product_1.5.1_931663386_win32_win32_x86_64/plugins/com.st.stm32cube.ide.mcu.externaltools.gnu-tools-for-stm32.9-2020-q2-update.win32_1.5.0.202011040924/tools/bin/../lib/gcc/arm-none-eabi/9.3.1/../../../../arm-none-eabi/lib/thumb/v7e-m+fp/hard\libc_nano.a(lib_a-mprec.o)
                0x000000000800f3c4                _Bfree
 .text.__multadd
                0x000000000800f408       0x94 c:/users/mames/.eclipse/com.st.stm32cube.ide.mcu.rcp.product_1.5.1_931663386_win32_win32_x86_64/plugins/com.st.stm32cube.ide.mcu.externaltools.gnu-tools-for-stm32.9-2020-q2-update.win32_1.5.0.202011040924/tools/bin/../lib/gcc/arm-none-eabi/9.3.1/../../../../arm-none-eabi/lib/thumb/v7e-m+fp/hard\libc_nano.a(lib_a-mprec.o)
                0x000000000800f408                __multadd
 .text.__hi0bits
                0x000000000800f49c       0x40 c:/users/mames/.eclipse/com.st.stm32cube.ide.mcu.rcp.product_1.5.1_931663386_win32_win32_x86_64/plugins/com.st.stm32cube.ide.mcu.externaltools.gnu-tools-for-stm32.9-2020-q2-update.win32_1.5.0.202011040924/tools/bin/../lib/gcc/arm-none-eabi/9.3.1/../../../../arm-none-eabi/lib/thumb/v7e-m+fp/hard\libc_nano.a(lib_a-mprec.o)
                0x000000000800f49c                __hi0bits
 .text.__lo0bits
                0x000000000800f4dc       0x60 c:/users/mames/.eclipse/com.st.stm32cube.ide.mcu.rcp.product_1.5.1_931663386_win32_win32_x86_64/plugins/com.st.stm32cube.ide.mcu.externaltools.gnu-tools-for-stm32.9-2020-q2-update.win32_1.5.0.202011040924/tools/bin/../lib/gcc/arm-none-eabi/9.3.1/../../../../arm-none-eabi/lib/thumb/v7e-m+fp/hard\libc_nano.a(lib_a-mprec.o)
                0x000000000800f4dc                __lo0bits
 .text.__i2b    0x000000000800f53c       0x2c c:/users/mames/.eclipse/com.st.stm32cube.ide.mcu.rcp.product_1.5.1_931663386_win32_win32_x86_64/plugins/com.st.stm32cube.ide.mcu.externaltools.gnu-tools-for-stm32.9-2020-q2-update.win32_1.5.0.202011040924/tools/bin/../lib/gcc/arm-none-eabi/9.3.1/../../../../arm-none-eabi/lib/thumb/v7e-m+fp/hard\libc_nano.a(lib_a-mprec.o)
                0x000000000800f53c                __i2b
 .text.__multiply
                0x000000000800f568      0x14c c:/users/mames/.eclipse/com.st.stm32cube.ide.mcu.rcp.product_1.5.1_931663386_win32_win32_x86_64/plugins/com.st.stm32cube.ide.mcu.externaltools.gnu-tools-for-stm32.9-2020-q2-update.win32_1.5.0.202011040924/tools/bin/../lib/gcc/arm-none-eabi/9.3.1/../../../../arm-none-eabi/lib/thumb/v7e-m+fp/hard\libc_nano.a(lib_a-mprec.o)
                0x000000000800f568                __multiply
 .text.__pow5mult
                0x000000000800f6b4       0xb4 c:/users/mames/.eclipse/com.st.stm32cube.ide.mcu.rcp.product_1.5.1_931663386_win32_win32_x86_64/plugins/com.st.stm32cube.ide.mcu.externaltools.gnu-tools-for-stm32.9-2020-q2-update.win32_1.5.0.202011040924/tools/bin/../lib/gcc/arm-none-eabi/9.3.1/../../../../arm-none-eabi/lib/thumb/v7e-m+fp/hard\libc_nano.a(lib_a-mprec.o)
                0x000000000800f6b4                __pow5mult
 .text.__lshift
                0x000000000800f768       0xd8 c:/users/mames/.eclipse/com.st.stm32cube.ide.mcu.rcp.product_1.5.1_931663386_win32_win32_x86_64/plugins/com.st.stm32cube.ide.mcu.externaltools.gnu-tools-for-stm32.9-2020-q2-update.win32_1.5.0.202011040924/tools/bin/../lib/gcc/arm-none-eabi/9.3.1/../../../../arm-none-eabi/lib/thumb/v7e-m+fp/hard\libc_nano.a(lib_a-mprec.o)
                0x000000000800f768                __lshift
 .text.__mcmp   0x000000000800f840       0x38 c:/users/mames/.eclipse/com.st.stm32cube.ide.mcu.rcp.product_1.5.1_931663386_win32_win32_x86_64/plugins/com.st.stm32cube.ide.mcu.externaltools.gnu-tools-for-stm32.9-2020-q2-update.win32_1.5.0.202011040924/tools/bin/../lib/gcc/arm-none-eabi/9.3.1/../../../../arm-none-eabi/lib/thumb/v7e-m+fp/hard\libc_nano.a(lib_a-mprec.o)
                0x000000000800f840                __mcmp
 .text.__mdiff  0x000000000800f878      0x110 c:/users/mames/.eclipse/com.st.stm32cube.ide.mcu.rcp.product_1.5.1_931663386_win32_win32_x86_64/plugins/com.st.stm32cube.ide.mcu.externaltools.gnu-tools-for-stm32.9-2020-q2-update.win32_1.5.0.202011040924/tools/bin/../lib/gcc/arm-none-eabi/9.3.1/../../../../arm-none-eabi/lib/thumb/v7e-m+fp/hard\libc_nano.a(lib_a-mprec.o)
                0x000000000800f878                __mdiff
 .text.__d2b    0x000000000800f988       0xb8 c:/users/mames/.eclipse/com.st.stm32cube.ide.mcu.rcp.product_1.5.1_931663386_win32_win32_x86_64/plugins/com.st.stm32cube.ide.mcu.externaltools.gnu-tools-for-stm32.9-2020-q2-update.win32_1.5.0.202011040924/tools/bin/../lib/gcc/arm-none-eabi/9.3.1/../../../../arm-none-eabi/lib/thumb/v7e-m+fp/hard\libc_nano.a(lib_a-mprec.o)
                0x000000000800f988                __d2b
 .text._calloc_r
                0x000000000800fa40       0x1e c:/users/mames/.eclipse/com.st.stm32cube.ide.mcu.rcp.product_1.5.1_931663386_win32_win32_x86_64/plugins/com.st.stm32cube.ide.mcu.externaltools.gnu-tools-for-stm32.9-2020-q2-update.win32_1.5.0.202011040924/tools/bin/../lib/gcc/arm-none-eabi/9.3.1/../../../../arm-none-eabi/lib/thumb/v7e-m+fp/hard\libc_nano.a(lib_a-nano-callocr.o)
                0x000000000800fa40                _calloc_r
 *fill*         0x000000000800fa5e        0x2 
 .text._free_r  0x000000000800fa60       0xa0 c:/users/mames/.eclipse/com.st.stm32cube.ide.mcu.rcp.product_1.5.1_931663386_win32_win32_x86_64/plugins/com.st.stm32cube.ide.mcu.externaltools.gnu-tools-for-stm32.9-2020-q2-update.win32_1.5.0.202011040924/tools/bin/../lib/gcc/arm-none-eabi/9.3.1/../../../../arm-none-eabi/lib/thumb/v7e-m+fp/hard\libc_nano.a(lib_a-nano-freer.o)
                0x000000000800fa60                _free_r
 .text._malloc_r
                0x000000000800fb00       0xb4 c:/users/mames/.eclipse/com.st.stm32cube.ide.mcu.rcp.product_1.5.1_931663386_win32_win32_x86_64/plugins/com.st.stm32cube.ide.mcu.externaltools.gnu-tools-for-stm32.9-2020-q2-update.win32_1.5.0.202011040924/tools/bin/../lib/gcc/arm-none-eabi/9.3.1/../../../../arm-none-eabi/lib/thumb/v7e-m+fp/hard\libc_nano.a(lib_a-nano-mallocr.o)
                0x000000000800fb00                _malloc_r
 .text.__ssputs_r
                0x000000000800fbb4       0xb6 c:/users/mames/.eclipse/com.st.stm32cube.ide.mcu.rcp.product_1.5.1_931663386_win32_win32_x86_64/plugins/com.st.stm32cube.ide.mcu.externaltools.gnu-tools-for-stm32.9-2020-q2-update.win32_1.5.0.202011040924/tools/bin/../lib/gcc/arm-none-eabi/9.3.1/../../../../arm-none-eabi/lib/thumb/v7e-m+fp/hard\libc_nano.a(lib_a-nano-svfprintf.o)
                0x000000000800fbb4                __ssputs_r
 *fill*         0x000000000800fc6a        0x2 
 .text._svfprintf_r
                0x000000000800fc6c      0x200 c:/users/mames/.eclipse/com.st.stm32cube.ide.mcu.rcp.product_1.5.1_931663386_win32_win32_x86_64/plugins/com.st.stm32cube.ide.mcu.externaltools.gnu-tools-for-stm32.9-2020-q2-update.win32_1.5.0.202011040924/tools/bin/../lib/gcc/arm-none-eabi/9.3.1/../../../../arm-none-eabi/lib/thumb/v7e-m+fp/hard\libc_nano.a(lib_a-nano-svfprintf.o)
                0x000000000800fc6c                _svfiprintf_r
                0x000000000800fc6c                _svfprintf_r
 .text.__sfputc_r
                0x000000000800fe6c       0x2e c:/users/mames/.eclipse/com.st.stm32cube.ide.mcu.rcp.product_1.5.1_931663386_win32_win32_x86_64/plugins/com.st.stm32cube.ide.mcu.externaltools.gnu-tools-for-stm32.9-2020-q2-update.win32_1.5.0.202011040924/tools/bin/../lib/gcc/arm-none-eabi/9.3.1/../../../../arm-none-eabi/lib/thumb/v7e-m+fp/hard\libc_nano.a(lib_a-nano-vfprintf.o)
 .text.__sfputs_r
                0x000000000800fe9a       0x24 c:/users/mames/.eclipse/com.st.stm32cube.ide.mcu.rcp.product_1.5.1_931663386_win32_win32_x86_64/plugins/com.st.stm32cube.ide.mcu.externaltools.gnu-tools-for-stm32.9-2020-q2-update.win32_1.5.0.202011040924/tools/bin/../lib/gcc/arm-none-eabi/9.3.1/../../../../arm-none-eabi/lib/thumb/v7e-m+fp/hard\libc_nano.a(lib_a-nano-vfprintf.o)
                0x000000000800fe9a                __sfputs_r
 *fill*         0x000000000800febe        0x2 
 .text._vfprintf_r
                0x000000000800fec0      0x260 c:/users/mames/.eclipse/com.st.stm32cube.ide.mcu.rcp.product_1.5.1_931663386_win32_win32_x86_64/plugins/com.st.stm32cube.ide.mcu.externaltools.gnu-tools-for-stm32.9-2020-q2-update.win32_1.5.0.202011040924/tools/bin/../lib/gcc/arm-none-eabi/9.3.1/../../../../arm-none-eabi/lib/thumb/v7e-m+fp/hard\libc_nano.a(lib_a-nano-vfprintf.o)
                0x000000000800fec0                _vfprintf_r
                0x000000000800fec0                _vfiprintf_r
 .text._sbrk_r  0x0000000008010120       0x20 c:/users/mames/.eclipse/com.st.stm32cube.ide.mcu.rcp.product_1.5.1_931663386_win32_win32_x86_64/plugins/com.st.stm32cube.ide.mcu.externaltools.gnu-tools-for-stm32.9-2020-q2-update.win32_1.5.0.202011040924/tools/bin/../lib/gcc/arm-none-eabi/9.3.1/../../../../arm-none-eabi/lib/thumb/v7e-m+fp/hard\libc_nano.a(lib_a-sbrkr.o)
                0x0000000008010120                _sbrk_r
 .text.__swbuf_r
                0x0000000008010140       0xa4 c:/users/mames/.eclipse/com.st.stm32cube.ide.mcu.rcp.product_1.5.1_931663386_win32_win32_x86_64/plugins/com.st.stm32cube.ide.mcu.externaltools.gnu-tools-for-stm32.9-2020-q2-update.win32_1.5.0.202011040924/tools/bin/../lib/gcc/arm-none-eabi/9.3.1/../../../../arm-none-eabi/lib/thumb/v7e-m+fp/hard\libc_nano.a(lib_a-wbuf.o)
                0x0000000008010140                __swbuf_r
 .text.__swsetup_r
                0x00000000080101e4       0xdc c:/users/mames/.eclipse/com.st.stm32cube.ide.mcu.rcp.product_1.5.1_931663386_win32_win32_x86_64/plugins/com.st.stm32cube.ide.mcu.externaltools.gnu-tools-for-stm32.9-2020-q2-update.win32_1.5.0.202011040924/tools/bin/../lib/gcc/arm-none-eabi/9.3.1/../../../../arm-none-eabi/lib/thumb/v7e-m+fp/hard\libc_nano.a(lib_a-wsetup.o)
                0x00000000080101e4                __swsetup_r
 .text.abort    0x00000000080102c0        0xe c:/users/mames/.eclipse/com.st.stm32cube.ide.mcu.rcp.product_1.5.1_931663386_win32_win32_x86_64/plugins/com.st.stm32cube.ide.mcu.externaltools.gnu-tools-for-stm32.9-2020-q2-update.win32_1.5.0.202011040924/tools/bin/../lib/gcc/arm-none-eabi/9.3.1/../../../../arm-none-eabi/lib/thumb/v7e-m+fp/hard\libc_nano.a(lib_a-abort.o)
                0x00000000080102c0                abort
 *fill*         0x00000000080102ce        0x2 
 .text.__sflush_r
                0x00000000080102d0      0x10c c:/users/mames/.eclipse/com.st.stm32cube.ide.mcu.rcp.product_1.5.1_931663386_win32_win32_x86_64/plugins/com.st.stm32cube.ide.mcu.externaltools.gnu-tools-for-stm32.9-2020-q2-update.win32_1.5.0.202011040924/tools/bin/../lib/gcc/arm-none-eabi/9.3.1/../../../../arm-none-eabi/lib/thumb/v7e-m+fp/hard\libc_nano.a(lib_a-fflush.o)
                0x00000000080102d0                __sflush_r
 .text._fflush_r
                0x00000000080103dc       0x78 c:/users/mames/.eclipse/com.st.stm32cube.ide.mcu.rcp.product_1.5.1_931663386_win32_win32_x86_64/plugins/com.st.stm32cube.ide.mcu.externaltools.gnu-tools-for-stm32.9-2020-q2-update.win32_1.5.0.202011040924/tools/bin/../lib/gcc/arm-none-eabi/9.3.1/../../../../arm-none-eabi/lib/thumb/v7e-m+fp/hard\libc_nano.a(lib_a-fflush.o)
                0x00000000080103dc                _fflush_r
 .text.std      0x0000000008010454       0x48 c:/users/mames/.eclipse/com.st.stm32cube.ide.mcu.rcp.product_1.5.1_931663386_win32_win32_x86_64/plugins/com.st.stm32cube.ide.mcu.externaltools.gnu-tools-for-stm32.9-2020-q2-update.win32_1.5.0.202011040924/tools/bin/../lib/gcc/arm-none-eabi/9.3.1/../../../../arm-none-eabi/lib/thumb/v7e-m+fp/hard\libc_nano.a(lib_a-findfp.o)
 .text._cleanup_r
                0x000000000801049c        0xc c:/users/mames/.eclipse/com.st.stm32cube.ide.mcu.rcp.product_1.5.1_931663386_win32_win32_x86_64/plugins/com.st.stm32cube.ide.mcu.externaltools.gnu-tools-for-stm32.9-2020-q2-update.win32_1.5.0.202011040924/tools/bin/../lib/gcc/arm-none-eabi/9.3.1/../../../../arm-none-eabi/lib/thumb/v7e-m+fp/hard\libc_nano.a(lib_a-findfp.o)
                0x000000000801049c                _cleanup_r
 .text.__sfmoreglue
                0x00000000080104a8       0x2c c:/users/mames/.eclipse/com.st.stm32cube.ide.mcu.rcp.product_1.5.1_931663386_win32_win32_x86_64/plugins/com.st.stm32cube.ide.mcu.externaltools.gnu-tools-for-stm32.9-2020-q2-update.win32_1.5.0.202011040924/tools/bin/../lib/gcc/arm-none-eabi/9.3.1/../../../../arm-none-eabi/lib/thumb/v7e-m+fp/hard\libc_nano.a(lib_a-findfp.o)
                0x00000000080104a8                __sfmoreglue
 .text.__sfp_lock_acquire
                0x00000000080104d4        0xc c:/users/mames/.eclipse/com.st.stm32cube.ide.mcu.rcp.product_1.5.1_931663386_win32_win32_x86_64/plugins/com.st.stm32cube.ide.mcu.externaltools.gnu-tools-for-stm32.9-2020-q2-update.win32_1.5.0.202011040924/tools/bin/../lib/gcc/arm-none-eabi/9.3.1/../../../../arm-none-eabi/lib/thumb/v7e-m+fp/hard\libc_nano.a(lib_a-findfp.o)
                0x00000000080104d4                __sfp_lock_acquire
 .text.__sfp_lock_release
                0x00000000080104e0        0xc c:/users/mames/.eclipse/com.st.stm32cube.ide.mcu.rcp.product_1.5.1_931663386_win32_win32_x86_64/plugins/com.st.stm32cube.ide.mcu.externaltools.gnu-tools-for-stm32.9-2020-q2-update.win32_1.5.0.202011040924/tools/bin/../lib/gcc/arm-none-eabi/9.3.1/../../../../arm-none-eabi/lib/thumb/v7e-m+fp/hard\libc_nano.a(lib_a-findfp.o)
                0x00000000080104e0                __sfp_lock_release
 .text.__sinit_lock_acquire
                0x00000000080104ec        0xc c:/users/mames/.eclipse/com.st.stm32cube.ide.mcu.rcp.product_1.5.1_931663386_win32_win32_x86_64/plugins/com.st.stm32cube.ide.mcu.externaltools.gnu-tools-for-stm32.9-2020-q2-update.win32_1.5.0.202011040924/tools/bin/../lib/gcc/arm-none-eabi/9.3.1/../../../../arm-none-eabi/lib/thumb/v7e-m+fp/hard\libc_nano.a(lib_a-findfp.o)
                0x00000000080104ec                __sinit_lock_acquire
 .text.__sinit_lock_release
                0x00000000080104f8        0xc c:/users/mames/.eclipse/com.st.stm32cube.ide.mcu.rcp.product_1.5.1_931663386_win32_win32_x86_64/plugins/com.st.stm32cube.ide.mcu.externaltools.gnu-tools-for-stm32.9-2020-q2-update.win32_1.5.0.202011040924/tools/bin/../lib/gcc/arm-none-eabi/9.3.1/../../../../arm-none-eabi/lib/thumb/v7e-m+fp/hard\libc_nano.a(lib_a-findfp.o)
                0x00000000080104f8                __sinit_lock_release
 .text.__sinit  0x0000000008010504       0x70 c:/users/mames/.eclipse/com.st.stm32cube.ide.mcu.rcp.product_1.5.1_931663386_win32_win32_x86_64/plugins/com.st.stm32cube.ide.mcu.externaltools.gnu-tools-for-stm32.9-2020-q2-update.win32_1.5.0.202011040924/tools/bin/../lib/gcc/arm-none-eabi/9.3.1/../../../../arm-none-eabi/lib/thumb/v7e-m+fp/hard\libc_nano.a(lib_a-findfp.o)
                0x0000000008010504                __sinit
 .text.__sfp    0x0000000008010574       0x8c c:/users/mames/.eclipse/com.st.stm32cube.ide.mcu.rcp.product_1.5.1_931663386_win32_win32_x86_64/plugins/com.st.stm32cube.ide.mcu.externaltools.gnu-tools-for-stm32.9-2020-q2-update.win32_1.5.0.202011040924/tools/bin/../lib/gcc/arm-none-eabi/9.3.1/../../../../arm-none-eabi/lib/thumb/v7e-m+fp/hard\libc_nano.a(lib_a-findfp.o)
                0x0000000008010574                __sfp
 .text._fwalk_reent
                0x0000000008010600       0x3e c:/users/mames/.eclipse/com.st.stm32cube.ide.mcu.rcp.product_1.5.1_931663386_win32_win32_x86_64/plugins/com.st.stm32cube.ide.mcu.externaltools.gnu-tools-for-stm32.9-2020-q2-update.win32_1.5.0.202011040924/tools/bin/../lib/gcc/arm-none-eabi/9.3.1/../../../../arm-none-eabi/lib/thumb/v7e-m+fp/hard\libc_nano.a(lib_a-fwalk.o)
                0x0000000008010600                _fwalk_reent
 .text.__retarget_lock_init_recursive
                0x000000000801063e        0x2 c:/users/mames/.eclipse/com.st.stm32cube.ide.mcu.rcp.product_1.5.1_931663386_win32_win32_x86_64/plugins/com.st.stm32cube.ide.mcu.externaltools.gnu-tools-for-stm32.9-2020-q2-update.win32_1.5.0.202011040924/tools/bin/../lib/gcc/arm-none-eabi/9.3.1/../../../../arm-none-eabi/lib/thumb/v7e-m+fp/hard\libc_nano.a(lib_a-lock.o)
                0x000000000801063e                __retarget_lock_init_recursive
 .text.__retarget_lock_acquire_recursive
                0x0000000008010640        0x2 c:/users/mames/.eclipse/com.st.stm32cube.ide.mcu.rcp.product_1.5.1_931663386_win32_win32_x86_64/plugins/com.st.stm32cube.ide.mcu.externaltools.gnu-tools-for-stm32.9-2020-q2-update.win32_1.5.0.202011040924/tools/bin/../lib/gcc/arm-none-eabi/9.3.1/../../../../arm-none-eabi/lib/thumb/v7e-m+fp/hard\libc_nano.a(lib_a-lock.o)
                0x0000000008010640                __retarget_lock_acquire_recursive
 .text.__retarget_lock_release_recursive
                0x0000000008010642        0x2 c:/users/mames/.eclipse/com.st.stm32cube.ide.mcu.rcp.product_1.5.1_931663386_win32_win32_x86_64/plugins/com.st.stm32cube.ide.mcu.externaltools.gnu-tools-for-stm32.9-2020-q2-update.win32_1.5.0.202011040924/tools/bin/../lib/gcc/arm-none-eabi/9.3.1/../../../../arm-none-eabi/lib/thumb/v7e-m+fp/hard\libc_nano.a(lib_a-lock.o)
                0x0000000008010642                __retarget_lock_release_recursive
 .text.__swhatbuf_r
                0x0000000008010644       0x48 c:/users/mames/.eclipse/com.st.stm32cube.ide.mcu.rcp.product_1.5.1_931663386_win32_win32_x86_64/plugins/com.st.stm32cube.ide.mcu.externaltools.gnu-tools-for-stm32.9-2020-q2-update.win32_1.5.0.202011040924/tools/bin/../lib/gcc/arm-none-eabi/9.3.1/../../../../arm-none-eabi/lib/thumb/v7e-m+fp/hard\libc_nano.a(lib_a-makebuf.o)
                0x0000000008010644                __swhatbuf_r
 .text.__smakebuf_r