dhcp.c:1802:1:dhcp_create_msg	32	static
dhcp.c:961:1:dhcp_discover	32	static
dhcp.c:352:1:dhcp_select	32	static
dhcp.c:1229:1:dhcp_reboot	32	static
dhcp.c:1017:1:dhcp_bind	16	static
dhcp.c:585:1:dhcp_handle_ack.isra.0	16	static
dhcp.c:1678:1:dhcp_recv	64	static
dhcp.c:676:1:dhcp_set_struct	8	static
dhcp.c:697:6:dhcp_cleanup	8	static
dhcp.c:721:1:dhcp_start	24	static
dhcp.c:802:1:dhcp_inform	96	static
dhcp.c:844:1:dhcp_network_changed	0	static
dhcp.c:887:1:dhcp_arp_reply	40	static
dhcp.c:1127:1:dhcp_renew	32	static
dhcp.c:1280:1:dhcp_release	40	static
dhcp.c:409:1:dhcp_coarse_tmr	40	static
dhcp.c:449:1:dhcp_fine_tmr	24	static
dhcp.c:1343:1:dhcp_stop	16	static
dhcp.c:1941:1:dhcp_supplied_address	0	static
